<?xml version="1.0"?>
<link_info>
   <banner>TI ARM Linker PC v16.9.1.LTS</banner>
   <copyright>Copyright (c) 1996-2015 Texas Instruments Incorporated</copyright>
   <link_time>0x5a0b471b</link_time>
   <link_errors>0x0</link_errors>
   <output_file>Final Project.out</output_file>
   <entry_point>
      <name>_c_int00</name>
      <address>0x5899</address>
   </entry_point>
   <input_file_list>
      <input_file id="fl-2">
         <path>.\</path>
         <kind>object</kind>
         <file>UART.obj</file>
         <name>UART.obj</name>
      </input_file>
      <input_file id="fl-3">
         <path>.\</path>
         <kind>object</kind>
         <file>WiFi.obj</file>
         <name>WiFi.obj</name>
      </input_file>
      <input_file id="fl-4">
         <path>.\</path>
         <kind>object</kind>
         <file>button.obj</file>
         <name>button.obj</name>
      </input_file>
      <input_file id="fl-5">
         <path>.\</path>
         <kind>object</kind>
         <file>ir.obj</file>
         <name>ir.obj</name>
      </input_file>
      <input_file id="fl-6">
         <path>.\</path>
         <kind>object</kind>
         <file>lcd.obj</file>
         <name>lcd.obj</name>
      </input_file>
      <input_file id="fl-7">
         <path>.\</path>
         <kind>object</kind>
         <file>main.obj</file>
         <name>main.obj</name>
      </input_file>
      <input_file id="fl-8">
         <path>.\</path>
         <kind>object</kind>
         <file>movement.obj</file>
         <name>movement.obj</name>
      </input_file>
      <input_file id="fl-9">
         <path>.\</path>
         <kind>object</kind>
         <file>open_interface.obj</file>
         <name>open_interface.obj</name>
      </input_file>
      <input_file id="fl-a">
         <path>.\</path>
         <kind>object</kind>
         <file>ping.obj</file>
         <name>ping.obj</name>
      </input_file>
      <input_file id="fl-b">
         <path>.\</path>
         <kind>object</kind>
         <file>servo.obj</file>
         <name>servo.obj</name>
      </input_file>
      <input_file id="fl-c">
         <path>.\</path>
         <kind>object</kind>
         <file>sweep.obj</file>
         <name>sweep.obj</name>
      </input_file>
      <input_file id="fl-d">
         <path>.\</path>
         <kind>object</kind>
         <file>timer.obj</file>
         <name>timer.obj</name>
      </input_file>
      <input_file id="fl-e">
         <path>.\</path>
         <kind>object</kind>
         <file>tm4c123gh6pm_startup_ccs.obj</file>
         <name>tm4c123gh6pm_startup_ccs.obj</name>
      </input_file>
      <input_file id="fl-c9">
         <path>C:\ti\ccsv7\tools\compiler\ti-cgt-arm_16.9.1.LTS\lib\</path>
         <kind>archive</kind>
         <file>rtsv7M4_T_le_v4SPD16_eabi.lib</file>
         <name>boot.obj</name>
      </input_file>
      <input_file id="fl-ca">
         <path>C:\ti\ccsv7\tools\compiler\ti-cgt-arm_16.9.1.LTS\lib\</path>
         <kind>archive</kind>
         <file>rtsv7M4_T_le_v4SPD16_eabi.lib</file>
         <name>copy_decompress_lzss.obj</name>
      </input_file>
      <input_file id="fl-cb">
         <path>C:\ti\ccsv7\tools\compiler\ti-cgt-arm_16.9.1.LTS\lib\</path>
         <kind>archive</kind>
         <file>rtsv7M4_T_le_v4SPD16_eabi.lib</file>
         <name>copy_decompress_none.obj</name>
      </input_file>
      <input_file id="fl-cc">
         <path>C:\ti\ccsv7\tools\compiler\ti-cgt-arm_16.9.1.LTS\lib\</path>
         <kind>archive</kind>
         <file>rtsv7M4_T_le_v4SPD16_eabi.lib</file>
         <name>copy_zero_init.obj</name>
      </input_file>
      <input_file id="fl-cd">
         <path>C:\ti\ccsv7\tools\compiler\ti-cgt-arm_16.9.1.LTS\lib\</path>
         <kind>archive</kind>
         <file>rtsv7M4_T_le_v4SPD16_eabi.lib</file>
         <name>e_pow.obj</name>
      </input_file>
      <input_file id="fl-ce">
         <path>C:\ti\ccsv7\tools\compiler\ti-cgt-arm_16.9.1.LTS\lib\</path>
         <kind>archive</kind>
         <file>rtsv7M4_T_le_v4SPD16_eabi.lib</file>
         <name>e_sqrt.obj</name>
      </input_file>
      <input_file id="fl-cf">
         <path>C:\ti\ccsv7\tools\compiler\ti-cgt-arm_16.9.1.LTS\lib\</path>
         <kind>archive</kind>
         <file>rtsv7M4_T_le_v4SPD16_eabi.lib</file>
         <name>errno.obj</name>
      </input_file>
      <input_file id="fl-d0">
         <path>C:\ti\ccsv7\tools\compiler\ti-cgt-arm_16.9.1.LTS\lib\</path>
         <kind>archive</kind>
         <file>rtsv7M4_T_le_v4SPD16_eabi.lib</file>
         <name>exit.obj</name>
      </input_file>
      <input_file id="fl-d1">
         <path>C:\ti\ccsv7\tools\compiler\ti-cgt-arm_16.9.1.LTS\lib\</path>
         <kind>archive</kind>
         <file>rtsv7M4_T_le_v4SPD16_eabi.lib</file>
         <name>fd_add_t2.obj</name>
      </input_file>
      <input_file id="fl-d2">
         <path>C:\ti\ccsv7\tools\compiler\ti-cgt-arm_16.9.1.LTS\lib\</path>
         <kind>archive</kind>
         <file>rtsv7M4_T_le_v4SPD16_eabi.lib</file>
         <name>fd_cmp_t2.obj</name>
      </input_file>
      <input_file id="fl-d3">
         <path>C:\ti\ccsv7\tools\compiler\ti-cgt-arm_16.9.1.LTS\lib\</path>
         <kind>archive</kind>
         <file>rtsv7M4_T_le_v4SPD16_eabi.lib</file>
         <name>fd_div_t2.obj</name>
      </input_file>
      <input_file id="fl-d4">
         <path>C:\ti\ccsv7\tools\compiler\ti-cgt-arm_16.9.1.LTS\lib\</path>
         <kind>archive</kind>
         <file>rtsv7M4_T_le_v4SPD16_eabi.lib</file>
         <name>fd_mul_t2.obj</name>
      </input_file>
      <input_file id="fl-d5">
         <path>C:\ti\ccsv7\tools\compiler\ti-cgt-arm_16.9.1.LTS\lib\</path>
         <kind>archive</kind>
         <file>rtsv7M4_T_le_v4SPD16_eabi.lib</file>
         <name>fd_toi_t2.obj</name>
      </input_file>
      <input_file id="fl-d6">
         <path>C:\ti\ccsv7\tools\compiler\ti-cgt-arm_16.9.1.LTS\lib\</path>
         <kind>archive</kind>
         <file>rtsv7M4_T_le_v4SPD16_eabi.lib</file>
         <name>fd_tou_t2.obj</name>
      </input_file>
      <input_file id="fl-d7">
         <path>C:\ti\ccsv7\tools\compiler\ti-cgt-arm_16.9.1.LTS\lib\</path>
         <kind>archive</kind>
         <file>rtsv7M4_T_le_v4SPD16_eabi.lib</file>
         <name>fputs.obj</name>
      </input_file>
      <input_file id="fl-d8">
         <path>C:\ti\ccsv7\tools\compiler\ti-cgt-arm_16.9.1.LTS\lib\</path>
         <kind>archive</kind>
         <file>rtsv7M4_T_le_v4SPD16_eabi.lib</file>
         <name>i_tofd_t2.obj</name>
      </input_file>
      <input_file id="fl-d9">
         <path>C:\ti\ccsv7\tools\compiler\ti-cgt-arm_16.9.1.LTS\lib\</path>
         <kind>archive</kind>
         <file>rtsv7M4_T_le_v4SPD16_eabi.lib</file>
         <name>lowlev.obj</name>
      </input_file>
      <input_file id="fl-da">
         <path>C:\ti\ccsv7\tools\compiler\ti-cgt-arm_16.9.1.LTS\lib\</path>
         <kind>archive</kind>
         <file>rtsv7M4_T_le_v4SPD16_eabi.lib</file>
         <name>memchr.obj</name>
      </input_file>
      <input_file id="fl-db">
         <path>C:\ti\ccsv7\tools\compiler\ti-cgt-arm_16.9.1.LTS\lib\</path>
         <kind>archive</kind>
         <file>rtsv7M4_T_le_v4SPD16_eabi.lib</file>
         <name>memcpy_t2.obj</name>
      </input_file>
      <input_file id="fl-dc">
         <path>C:\ti\ccsv7\tools\compiler\ti-cgt-arm_16.9.1.LTS\lib\</path>
         <kind>archive</kind>
         <file>rtsv7M4_T_le_v4SPD16_eabi.lib</file>
         <name>memory.obj</name>
      </input_file>
      <input_file id="fl-dd">
         <path>C:\ti\ccsv7\tools\compiler\ti-cgt-arm_16.9.1.LTS\lib\</path>
         <kind>archive</kind>
         <file>rtsv7M4_T_le_v4SPD16_eabi.lib</file>
         <name>memset_t2.obj</name>
      </input_file>
      <input_file id="fl-de">
         <path>C:\ti\ccsv7\tools\compiler\ti-cgt-arm_16.9.1.LTS\lib\</path>
         <kind>archive</kind>
         <file>rtsv7M4_T_le_v4SPD16_eabi.lib</file>
         <name>mpu_init.obj</name>
      </input_file>
      <input_file id="fl-df">
         <path>C:\ti\ccsv7\tools\compiler\ti-cgt-arm_16.9.1.LTS\lib\</path>
         <kind>archive</kind>
         <file>rtsv7M4_T_le_v4SPD16_eabi.lib</file>
         <name>pre_init.obj</name>
      </input_file>
      <input_file id="fl-e0">
         <path>C:\ti\ccsv7\tools\compiler\ti-cgt-arm_16.9.1.LTS\lib\</path>
         <kind>archive</kind>
         <file>rtsv7M4_T_le_v4SPD16_eabi.lib</file>
         <name>s_scalbn.obj</name>
      </input_file>
      <input_file id="fl-e1">
         <path>C:\ti\ccsv7\tools\compiler\ti-cgt-arm_16.9.1.LTS\lib\</path>
         <kind>archive</kind>
         <file>rtsv7M4_T_le_v4SPD16_eabi.lib</file>
         <name>sprintf.obj</name>
      </input_file>
      <input_file id="fl-e2">
         <path>C:\ti\ccsv7\tools\compiler\ti-cgt-arm_16.9.1.LTS\lib\</path>
         <kind>archive</kind>
         <file>rtsv7M4_T_le_v4SPD16_eabi.lib</file>
         <name>stkdepth_vars.obj</name>
      </input_file>
      <input_file id="fl-e3">
         <path>C:\ti\ccsv7\tools\compiler\ti-cgt-arm_16.9.1.LTS\lib\</path>
         <kind>archive</kind>
         <file>rtsv7M4_T_le_v4SPD16_eabi.lib</file>
         <name>strchr.obj</name>
      </input_file>
      <input_file id="fl-e4">
         <path>C:\ti\ccsv7\tools\compiler\ti-cgt-arm_16.9.1.LTS\lib\</path>
         <kind>archive</kind>
         <file>rtsv7M4_T_le_v4SPD16_eabi.lib</file>
         <name>strcmp.obj</name>
      </input_file>
      <input_file id="fl-e5">
         <path>C:\ti\ccsv7\tools\compiler\ti-cgt-arm_16.9.1.LTS\lib\</path>
         <kind>archive</kind>
         <file>rtsv7M4_T_le_v4SPD16_eabi.lib</file>
         <name>strcpy.obj</name>
      </input_file>
      <input_file id="fl-e6">
         <path>C:\ti\ccsv7\tools\compiler\ti-cgt-arm_16.9.1.LTS\lib\</path>
         <kind>archive</kind>
         <file>rtsv7M4_T_le_v4SPD16_eabi.lib</file>
         <name>strlen.obj</name>
      </input_file>
      <input_file id="fl-e7">
         <path>C:\ti\ccsv7\tools\compiler\ti-cgt-arm_16.9.1.LTS\lib\</path>
         <kind>archive</kind>
         <file>rtsv7M4_T_le_v4SPD16_eabi.lib</file>
         <name>strncpy.obj</name>
      </input_file>
      <input_file id="fl-e8">
         <path>C:\ti\ccsv7\tools\compiler\ti-cgt-arm_16.9.1.LTS\lib\</path>
         <kind>archive</kind>
         <file>rtsv7M4_T_le_v4SPD16_eabi.lib</file>
         <name>trgdrv.obj</name>
      </input_file>
      <input_file id="fl-e9">
         <path>C:\ti\ccsv7\tools\compiler\ti-cgt-arm_16.9.1.LTS\lib\</path>
         <kind>archive</kind>
         <file>rtsv7M4_T_le_v4SPD16_eabi.lib</file>
         <name>trgmsg.obj</name>
      </input_file>
      <input_file id="fl-ea">
         <path>C:\ti\ccsv7\tools\compiler\ti-cgt-arm_16.9.1.LTS\lib\</path>
         <kind>archive</kind>
         <file>rtsv7M4_T_le_v4SPD16_eabi.lib</file>
         <name>u_tofd_t2.obj</name>
      </input_file>
      <input_file id="fl-eb">
         <path>C:\ti\ccsv7\tools\compiler\ti-cgt-arm_16.9.1.LTS\lib\</path>
         <kind>archive</kind>
         <file>rtsv7M4_T_le_v4SPD16_eabi.lib</file>
         <name>vsnprintf.obj</name>
      </input_file>
      <input_file id="fl-ec">
         <path>C:\ti\ccsv7\tools\compiler\ti-cgt-arm_16.9.1.LTS\lib\</path>
         <kind>archive</kind>
         <file>rtsv7M4_T_le_v4SPD16_eabi.lib</file>
         <name>_io_perm.obj</name>
      </input_file>
      <input_file id="fl-ed">
         <path>C:\ti\ccsv7\tools\compiler\ti-cgt-arm_16.9.1.LTS\lib\</path>
         <kind>archive</kind>
         <file>rtsv7M4_T_le_v4SPD16_eabi.lib</file>
         <name>_lock.obj</name>
      </input_file>
      <input_file id="fl-ee">
         <path>C:\ti\ccsv7\tools\compiler\ti-cgt-arm_16.9.1.LTS\lib\</path>
         <kind>archive</kind>
         <file>rtsv7M4_T_le_v4SPD16_eabi.lib</file>
         <name>_printfi.obj</name>
      </input_file>
      <input_file id="fl-ef">
         <path>C:\ti\ccsv7\tools\compiler\ti-cgt-arm_16.9.1.LTS\lib\</path>
         <kind>archive</kind>
         <file>rtsv7M4_T_le_v4SPD16_eabi.lib</file>
         <name>args_main.obj</name>
      </input_file>
      <input_file id="fl-f0">
         <path>C:\ti\ccsv7\tools\compiler\ti-cgt-arm_16.9.1.LTS\lib\</path>
         <kind>archive</kind>
         <file>rtsv7M4_T_le_v4SPD16_eabi.lib</file>
         <name>atoi.obj</name>
      </input_file>
      <input_file id="fl-f1">
         <path>C:\ti\ccsv7\tools\compiler\ti-cgt-arm_16.9.1.LTS\lib\</path>
         <kind>archive</kind>
         <file>rtsv7M4_T_le_v4SPD16_eabi.lib</file>
         <name>autoinit.obj</name>
      </input_file>
      <input_file id="fl-f2">
         <path>C:\ti\ccsv7\tools\compiler\ti-cgt-arm_16.9.1.LTS\lib\</path>
         <kind>archive</kind>
         <file>rtsv7M4_T_le_v4SPD16_eabi.lib</file>
         <name>cpy_tbl.obj</name>
      </input_file>
      <input_file id="fl-f3">
         <path>C:\ti\ccsv7\tools\compiler\ti-cgt-arm_16.9.1.LTS\lib\</path>
         <kind>archive</kind>
         <file>rtsv7M4_T_le_v4SPD16_eabi.lib</file>
         <name>ctype.obj</name>
      </input_file>
      <input_file id="fl-f4">
         <path>C:\ti\ccsv7\tools\compiler\ti-cgt-arm_16.9.1.LTS\lib\</path>
         <kind>archive</kind>
         <file>rtsv7M4_T_le_v4SPD16_eabi.lib</file>
         <name>defs.obj</name>
      </input_file>
      <input_file id="fl-f5">
         <path>C:\ti\ccsv7\tools\compiler\ti-cgt-arm_16.9.1.LTS\lib\</path>
         <kind>archive</kind>
         <file>rtsv7M4_T_le_v4SPD16_eabi.lib</file>
         <name>fflush.obj</name>
      </input_file>
      <input_file id="fl-f6">
         <path>C:\ti\ccsv7\tools\compiler\ti-cgt-arm_16.9.1.LTS\lib\</path>
         <kind>archive</kind>
         <file>rtsv7M4_T_le_v4SPD16_eabi.lib</file>
         <name>fseek.obj</name>
      </input_file>
      <input_file id="fl-f7">
         <path>C:\ti\ccsv7\tools\compiler\ti-cgt-arm_16.9.1.LTS\lib\</path>
         <kind>archive</kind>
         <file>rtsv7M4_T_le_v4SPD16_eabi.lib</file>
         <name>ltoa.obj</name>
      </input_file>
      <input_file id="fl-f8">
         <path>C:\ti\ccsv7\tools\compiler\ti-cgt-arm_16.9.1.LTS\lib\</path>
         <kind>archive</kind>
         <file>rtsv7M4_T_le_v4SPD16_eabi.lib</file>
         <name>memccpy.obj</name>
      </input_file>
      <input_file id="fl-f9">
         <path>C:\ti\ccsv7\tools\compiler\ti-cgt-arm_16.9.1.LTS\lib\</path>
         <kind>archive</kind>
         <file>rtsv7M4_T_le_v4SPD16_eabi.lib</file>
         <name>s_copysign.obj</name>
      </input_file>
      <input_file id="fl-fa">
         <path>C:\ti\ccsv7\tools\compiler\ti-cgt-arm_16.9.1.LTS\lib\</path>
         <kind>archive</kind>
         <file>rtsv7M4_T_le_v4SPD16_eabi.lib</file>
         <name>s_frexp.obj</name>
      </input_file>
      <input_file id="fl-fb">
         <path>C:\ti\ccsv7\tools\compiler\ti-cgt-arm_16.9.1.LTS\lib\</path>
         <kind>archive</kind>
         <file>rtsv7M4_T_le_v4SPD16_eabi.lib</file>
         <name>setvbuf.obj</name>
      </input_file>
      <input_file id="fl-fc">
         <path>C:\ti\ccsv7\tools\compiler\ti-cgt-arm_16.9.1.LTS\lib\</path>
         <kind>archive</kind>
         <file>rtsv7M4_T_le_v4SPD16_eabi.lib</file>
         <name>startup.obj</name>
      </input_file>
      <input_file id="fl-fd">
         <path>C:\ti\ccsv7\tools\compiler\ti-cgt-arm_16.9.1.LTS\lib\</path>
         <kind>archive</kind>
         <file>rtsv7M4_T_le_v4SPD16_eabi.lib</file>
         <name>ull_div_t2.obj</name>
      </input_file>
      <input_file id="fl-fe">
         <path>C:\ti\ccsv7\tools\compiler\ti-cgt-arm_16.9.1.LTS\lib\</path>
         <kind>archive</kind>
         <file>rtsv7M4_T_le_v4SPD16_eabi.lib</file>
         <name>fopen.obj</name>
      </input_file>
      <input_file id="fl-ff">
         <path>C:\ti\ccsv7\tools\compiler\ti-cgt-arm_16.9.1.LTS\lib\</path>
         <kind>archive</kind>
         <file>rtsv7M4_T_le_v4SPD16_eabi.lib</file>
         <name>fclose.obj</name>
      </input_file>
      <input_file id="fl-100">
         <path>C:\ti\ccsv7\tools\compiler\ti-cgt-arm_16.9.1.LTS\lib\</path>
         <kind>archive</kind>
         <file>rtsv7M4_T_le_v4SPD16_eabi.lib</file>
         <name>remove.obj</name>
      </input_file>
      <input_file id="fl-101">
         <path>C:\ti\TivaWare_C_Series-2.1.2.111\driverlib\ccs\Debug\</path>
         <kind>archive</kind>
         <file>driverlib.lib</file>
         <name>interrupt.obj</name>
      </input_file>
      <input_file id="fl-102">
         <path>C:\ti\TivaWare_C_Series-2.1.2.111\driverlib\ccs\Debug\</path>
         <kind>archive</kind>
         <file>driverlib.lib</file>
         <name>cpu.obj</name>
      </input_file>
   </input_file_list>
   <object_component_list>
      <object_component id="oc-f">
         <name>.intvecs</name>
         <load_address>0x0</load_address>
         <run_address>0x0</run_address>
         <size>0x26c</size>
         <input_file_ref idref="fl-e"/>
      </object_component>
      <object_component id="oc-1af">
         <name>.text</name>
         <load_address>0x26c</load_address>
         <run_address>0x26c</run_address>
         <size>0x113e</size>
         <input_file_ref idref="fl-ee"/>
      </object_component>
      <object_component id="oc-5a">
         <name>.text</name>
         <load_address>0x13aa</load_address>
         <run_address>0x13aa</run_address>
         <size>0x2</size>
         <input_file_ref idref="fl-de"/>
      </object_component>
      <object_component id="oc-e4">
         <name>.text</name>
         <load_address>0x13ac</load_address>
         <run_address>0x13ac</run_address>
         <size>0xa84</size>
         <input_file_ref idref="fl-9"/>
      </object_component>
      <object_component id="oc-19a">
         <name>.text</name>
         <load_address>0x1e30</load_address>
         <run_address>0x1e30</run_address>
         <size>0x9ac</size>
         <input_file_ref idref="fl-cd"/>
      </object_component>
      <object_component id="oc-ae">
         <name>.text</name>
         <load_address>0x27dc</load_address>
         <run_address>0x27dc</run_address>
         <size>0x450</size>
         <input_file_ref idref="fl-7"/>
      </object_component>
      <object_component id="oc-154">
         <name>.text</name>
         <load_address>0x2c2c</load_address>
         <run_address>0x2c2c</run_address>
         <size>0x3d0</size>
         <input_file_ref idref="fl-dc"/>
      </object_component>
      <object_component id="oc-ea">
         <name>.text</name>
         <load_address>0x2ffc</load_address>
         <run_address>0x2ffc</run_address>
         <size>0x378</size>
         <input_file_ref idref="fl-c"/>
      </object_component>
      <object_component id="oc-324">
         <name>.text</name>
         <load_address>0x3374</load_address>
         <run_address>0x3374</run_address>
         <size>0x324</size>
         <input_file_ref idref="fl-e8"/>
      </object_component>
      <object_component id="oc-1cf">
         <name>.text</name>
         <load_address>0x3698</load_address>
         <run_address>0x3698</run_address>
         <size>0x30c</size>
         <input_file_ref idref="fl-d9"/>
      </object_component>
      <object_component id="oc-de">
         <name>.text</name>
         <load_address>0x39a4</load_address>
         <run_address>0x39a4</run_address>
         <size>0x2ec</size>
         <input_file_ref idref="fl-6"/>
      </object_component>
      <object_component id="oc-18e">
         <name>.text</name>
         <load_address>0x3c90</load_address>
         <run_address>0x3c90</run_address>
         <size>0x23c</size>
         <input_file_ref idref="fl-a"/>
      </object_component>
      <object_component id="oc-25c">
         <name>.text</name>
         <load_address>0x3ecc</load_address>
         <run_address>0x3ecc</run_address>
         <size>0x1f4</size>
         <input_file_ref idref="fl-fd"/>
      </object_component>
      <object_component id="oc-30b">
         <name>.text</name>
         <load_address>0x40c0</load_address>
         <run_address>0x40c0</run_address>
         <size>0x1c4</size>
         <input_file_ref idref="fl-fe"/>
      </object_component>
      <object_component id="oc-239">
         <name>.text</name>
         <load_address>0x4284</load_address>
         <run_address>0x4284</run_address>
         <size>0x1b6</size>
         <input_file_ref idref="fl-d1"/>
      </object_component>
      <object_component id="oc-108">
         <name>.text</name>
         <load_address>0x443a</load_address>
         <run_address>0x443a</run_address>
         <size>0x19e</size>
         <input_file_ref idref="fl-8"/>
      </object_component>
      <object_component id="oc-23e">
         <name>.text</name>
         <load_address>0x45d8</load_address>
         <run_address>0x45d8</run_address>
         <size>0x170</size>
         <input_file_ref idref="fl-ce"/>
      </object_component>
      <object_component id="oc-102">
         <name>.text</name>
         <load_address>0x4748</load_address>
         <run_address>0x4748</run_address>
         <size>0x158</size>
         <input_file_ref idref="fl-d"/>
      </object_component>
      <object_component id="oc-194">
         <name>.text</name>
         <load_address>0x48a0</load_address>
         <run_address>0x48a0</run_address>
         <size>0x154</size>
         <input_file_ref idref="fl-b"/>
      </object_component>
      <object_component id="oc-fc">
         <name>.text</name>
         <load_address>0x49f4</load_address>
         <run_address>0x49f4</run_address>
         <size>0x150</size>
         <input_file_ref idref="fl-2"/>
      </object_component>
      <object_component id="oc-17c">
         <name>.text</name>
         <load_address>0x4b44</load_address>
         <run_address>0x4b44</run_address>
         <size>0x136</size>
         <input_file_ref idref="fl-d3"/>
      </object_component>
      <object_component id="oc-a6">
         <name>.text</name>
         <load_address>0x4c7a</load_address>
         <run_address>0x4c7a</run_address>
         <size>0x2</size>
         <input_file_ref idref="fl-fc"/>
      </object_component>
      <object_component id="oc-f6">
         <name>.text</name>
         <load_address>0x4c7c</load_address>
         <run_address>0x4c7c</run_address>
         <size>0x134</size>
         <input_file_ref idref="fl-d7"/>
      </object_component>
      <object_component id="oc-172">
         <name>.text</name>
         <load_address>0x4db0</load_address>
         <run_address>0x4db0</run_address>
         <size>0xfc</size>
         <input_file_ref idref="fl-d4"/>
      </object_component>
      <object_component id="oc-24a">
         <name>.text</name>
         <load_address>0x4eac</load_address>
         <run_address>0x4eac</run_address>
         <size>0xfc</size>
         <input_file_ref idref="fl-e0"/>
      </object_component>
      <object_component id="oc-188">
         <name>.text</name>
         <load_address>0x4fa8</load_address>
         <run_address>0x4fa8</run_address>
         <size>0xf4</size>
         <input_file_ref idref="fl-5"/>
      </object_component>
      <object_component id="oc-293">
         <name>.text</name>
         <load_address>0x509c</load_address>
         <run_address>0x509c</run_address>
         <size>0xdc</size>
         <input_file_ref idref="fl-fb"/>
      </object_component>
      <object_component id="oc-1c9">
         <name>.text</name>
         <load_address>0x5178</load_address>
         <run_address>0x5178</run_address>
         <size>0xc8</size>
         <input_file_ref idref="fl-f5"/>
      </object_component>
      <object_component id="oc-1b7">
         <name>.text</name>
         <load_address>0x5240</load_address>
         <run_address>0x5240</run_address>
         <size>0xac</size>
         <input_file_ref idref="fl-ec"/>
      </object_component>
      <object_component id="oc-42">
         <name>.text</name>
         <load_address>0x52ec</load_address>
         <run_address>0x52ec</run_address>
         <size>0x9c</size>
         <input_file_ref idref="fl-db"/>
      </object_component>
      <object_component id="oc-34b">
         <name>.text</name>
         <load_address>0x5388</load_address>
         <run_address>0x5388</run_address>
         <size>0x98</size>
         <input_file_ref idref="fl-ff"/>
      </object_component>
      <object_component id="oc-138">
         <name>.text</name>
         <load_address>0x5420</load_address>
         <run_address>0x5420</run_address>
         <size>0x88</size>
         <input_file_ref idref="fl-eb"/>
      </object_component>
      <object_component id="oc-1a5">
         <name>.text:__aeabi_cdcmple</name>
         <load_address>0x54a8</load_address>
         <run_address>0x54a8</run_address>
         <size>0x86</size>
         <input_file_ref idref="fl-d2"/>
      </object_component>
      <object_component id="oc-1a0">
         <name>.text:__aeabi_cdrcmple</name>
         <load_address>0x552e</load_address>
         <run_address>0x552e</run_address>
         <size>0x86</size>
         <input_file_ref idref="fl-d2"/>
      </object_component>
      <object_component id="oc-4e">
         <name>.text</name>
         <load_address>0x55b4</load_address>
         <run_address>0x55b4</run_address>
         <size>0x7a</size>
         <input_file_ref idref="fl-dd"/>
      </object_component>
      <object_component id="oc-66">
         <name>.text</name>
         <load_address>0x5630</load_address>
         <run_address>0x5630</run_address>
         <size>0x70</size>
         <input_file_ref idref="fl-f1"/>
      </object_component>
      <object_component id="oc-12">
         <name>.text:decompress:lzss</name>
         <load_address>0x56a0</load_address>
         <run_address>0x56a0</run_address>
         <size>0x68</size>
         <input_file_ref idref="fl-ca"/>
      </object_component>
      <object_component id="oc-358">
         <name>.text</name>
         <load_address>0x5708</load_address>
         <run_address>0x5708</run_address>
         <size>0x68</size>
         <input_file_ref idref="fl-e9"/>
      </object_component>
      <object_component id="oc-28d">
         <name>.text</name>
         <load_address>0x5770</load_address>
         <run_address>0x5770</run_address>
         <size>0x64</size>
         <input_file_ref idref="fl-f6"/>
      </object_component>
      <object_component id="oc-267">
         <name>.text</name>
         <load_address>0x57d4</load_address>
         <run_address>0x57d4</run_address>
         <size>0x64</size>
         <input_file_ref idref="fl-fa"/>
      </object_component>
      <object_component id="oc-f0">
         <name>.text</name>
         <load_address>0x5838</load_address>
         <run_address>0x5838</run_address>
         <size>0x60</size>
         <input_file_ref idref="fl-e1"/>
      </object_component>
      <object_component id="oc-24">
         <name>.text</name>
         <load_address>0x5898</load_address>
         <run_address>0x5898</run_address>
         <size>0x54</size>
         <input_file_ref idref="fl-c9"/>
      </object_component>
      <object_component id="oc-72">
         <name>.text</name>
         <load_address>0x58ec</load_address>
         <run_address>0x58ec</run_address>
         <size>0x54</size>
         <input_file_ref idref="fl-d0"/>
      </object_component>
      <object_component id="oc-261">
         <name>.text</name>
         <load_address>0x5940</load_address>
         <run_address>0x5940</run_address>
         <size>0x54</size>
         <input_file_ref idref="fl-f7"/>
      </object_component>
      <object_component id="oc-273">
         <name>.text</name>
         <load_address>0x5994</load_address>
         <run_address>0x5994</run_address>
         <size>0x4c</size>
         <input_file_ref idref="fl-f0"/>
      </object_component>
      <object_component id="oc-a0">
         <name>.text</name>
         <load_address>0x59e0</load_address>
         <run_address>0x59e0</run_address>
         <size>0x4c</size>
         <input_file_ref idref="fl-f2"/>
      </object_component>
      <object_component id="oc-177">
         <name>.text</name>
         <load_address>0x5a2c</load_address>
         <run_address>0x5a2c</run_address>
         <size>0x48</size>
         <input_file_ref idref="fl-d5"/>
      </object_component>
      <object_component id="oc-228">
         <name>.text</name>
         <load_address>0x5a74</load_address>
         <run_address>0x5a74</run_address>
         <size>0x44</size>
         <input_file_ref idref="fl-d6"/>
      </object_component>
      <object_component id="oc-2a4">
         <name>.text</name>
         <load_address>0x5ab8</load_address>
         <run_address>0x5ab8</run_address>
         <size>0x36</size>
         <input_file_ref idref="fl-e7"/>
      </object_component>
      <object_component id="oc-161">
         <name>.text:IntRegister</name>
         <load_address>0x5af0</load_address>
         <run_address>0x5af0</run_address>
         <size>0x34</size>
         <input_file_ref idref="fl-101"/>
      </object_component>
      <object_component id="oc-16d">
         <name>.text</name>
         <load_address>0x5b24</load_address>
         <run_address>0x5b24</run_address>
         <size>0x2e</size>
         <input_file_ref idref="fl-d8"/>
      </object_component>
      <object_component id="oc-1c3">
         <name>.text</name>
         <load_address>0x5b52</load_address>
         <run_address>0x5b52</run_address>
         <size>0x20</size>
         <input_file_ref idref="fl-da"/>
      </object_component>
      <object_component id="oc-223">
         <name>.text</name>
         <load_address>0x5b72</load_address>
         <run_address>0x5b72</run_address>
         <size>0x20</size>
         <input_file_ref idref="fl-ea"/>
      </object_component>
      <object_component id="oc-279">
         <name>.text</name>
         <load_address>0x5b92</load_address>
         <run_address>0x5b92</run_address>
         <size>0x1c</size>
         <input_file_ref idref="fl-f8"/>
      </object_component>
      <object_component id="oc-15a">
         <name>.text:oi_parseInt</name>
         <load_address>0x5bae</load_address>
         <run_address>0x5bae</run_address>
         <size>0x18</size>
         <input_file_ref idref="fl-9"/>
      </object_component>
      <object_component id="oc-6c">
         <name>.text</name>
         <load_address>0x5bc8</load_address>
         <run_address>0x5bc8</run_address>
         <size>0x18</size>
         <input_file_ref idref="fl-ef"/>
      </object_component>
      <object_component id="oc-13e">
         <name>.text</name>
         <load_address>0x5be0</load_address>
         <run_address>0x5be0</run_address>
         <size>0x18</size>
         <input_file_ref idref="fl-e4"/>
      </object_component>
      <object_component id="oc-26d">
         <name>.text</name>
         <load_address>0x5bf8</load_address>
         <run_address>0x5bf8</run_address>
         <size>0x16</size>
         <input_file_ref idref="fl-e3"/>
      </object_component>
      <object_component id="oc-119">
         <name>.text</name>
         <load_address>0x5c10</load_address>
         <run_address>0x5c10</run_address>
         <size>0x14</size>
         <input_file_ref idref="fl-ed"/>
      </object_component>
      <object_component id="oc-2e5">
         <name>.text</name>
         <load_address>0x5c24</load_address>
         <run_address>0x5c24</run_address>
         <size>0x14</size>
         <input_file_ref idref="fl-f9"/>
      </object_component>
      <object_component id="oc-144">
         <name>.text</name>
         <load_address>0x5c38</load_address>
         <run_address>0x5c38</run_address>
         <size>0x14</size>
         <input_file_ref idref="fl-e5"/>
      </object_component>
      <object_component id="oc-1bd">
         <name>.text</name>
         <load_address>0x5c4c</load_address>
         <run_address>0x5c4c</run_address>
         <size>0x14</size>
         <input_file_ref idref="fl-e6"/>
      </object_component>
      <object_component id="oc-167">
         <name>.text:IntMasterEnable</name>
         <load_address>0x5c60</load_address>
         <run_address>0x5c60</run_address>
         <size>0x10</size>
         <input_file_ref idref="fl-101"/>
      </object_component>
      <object_component id="oc-131">
         <name>.text:lcd_clear</name>
         <load_address>0x5c70</load_address>
         <run_address>0x5c70</run_address>
         <size>0x10</size>
         <input_file_ref idref="fl-6"/>
      </object_component>
      <object_component id="oc-18">
         <name>.text:decompress:none</name>
         <load_address>0x5c80</load_address>
         <run_address>0x5c80</run_address>
         <size>0xe</size>
         <input_file_ref idref="fl-cb"/>
      </object_component>
      <object_component id="oc-20e">
         <name>.text:CPUcpsie</name>
         <load_address>0x5c8e</load_address>
         <run_address>0x5c8e</run_address>
         <size>0xc</size>
         <input_file_ref idref="fl-102"/>
      </object_component>
      <object_component id="oc-1e">
         <name>.text:decompress:ZI</name>
         <load_address>0x5c9a</load_address>
         <run_address>0x5c9a</run_address>
         <size>0xc</size>
         <input_file_ref idref="fl-cc"/>
      </object_component>
      <object_component id="oc-2e">
         <name>.text</name>
         <load_address>0x5ca6</load_address>
         <run_address>0x5ca6</run_address>
         <size>0xc</size>
         <input_file_ref idref="fl-e"/>
      </object_component>
      <object_component id="oc-60">
         <name>.text</name>
         <load_address>0x5cb2</load_address>
         <run_address>0x5cb2</run_address>
         <size>0x4</size>
         <input_file_ref idref="fl-df"/>
      </object_component>
      <object_component id="oc-2fb">
         <name>.const:.string:_ctypes_</name>
         <load_address>0x5cb8</load_address>
         <run_address>0x5cb8</run_address>
         <size>0x101</size>
         <input_file_ref idref="fl-f3"/>
      </object_component>
      <object_component id="oc-14a">
         <name>.const:.string:lineAddress$1</name>
         <load_address>0x5db9</load_address>
         <run_address>0x5db9</run_address>
         <size>0x4</size>
         <input_file_ref idref="fl-6"/>
      </object_component>
      <object_component id="oc-247">
         <name>.const:$O1$$</name>
         <load_address>0x5dc0</load_address>
         <run_address>0x5dc0</run_address>
         <size>0x30</size>
         <input_file_ref idref="fl-cd"/>
      </object_component>
      <object_component id="oc-182">
         <name>.const:.string:$P$T0$3</name>
         <load_address>0x5df0</load_address>
         <run_address>0x5df0</run_address>
         <size>0xf</size>
         <input_file_ref idref="fl-9"/>
      </object_component>
      <object_component id="oc-14b">
         <name>.const:.string:lineAddresses$2</name>
         <load_address>0x5dff</load_address>
         <run_address>0x5dff</run_address>
         <size>0x4</size>
         <input_file_ref idref="fl-6"/>
      </object_component>
      <object_component id="oc-3a0">
         <name>.cinit..data.load</name>
         <load_address>0x5e08</load_address>
         <run_address>0x5e08</run_address>
         <size>0x7d</size>
      </object_component>
      <object_component id="oc-39d">
         <name>__TI_handler_table</name>
         <load_address>0x5e88</load_address>
         <run_address>0x5e88</run_address>
         <size>0xc</size>
      </object_component>
      <object_component id="oc-3a1">
         <name>.cinit..bss.load</name>
         <load_address>0x5e98</load_address>
         <run_address>0x5e98</run_address>
         <size>0x8</size>
      </object_component>
      <object_component id="oc-39f">
         <name>.cinit..vtable.load</name>
         <load_address>0x5ea0</load_address>
         <run_address>0x5ea0</run_address>
         <size>0x8</size>
      </object_component>
      <object_component id="oc-39e">
         <name>__TI_cinit_table</name>
         <load_address>0x5ea8</load_address>
         <run_address>0x5ea8</run_address>
         <size>0x18</size>
      </object_component>
      <object_component id="oc-209">
         <name>.vtable</name>
         <uninitialized>true</uninitialized>
         <run_address>0x20000000</run_address>
         <size>0x26c</size>
         <input_file_ref idref="fl-101"/>
      </object_component>
      <object_component id="oc-181">
         <name>.data</name>
         <load_address>0x20001324</load_address>
         <run_address>0x20001324</run_address>
         <size>0x10</size>
         <input_file_ref idref="fl-9"/>
      </object_component>
      <object_component id="oc-22d">
         <name>.data</name>
         <load_address>0x20001374</load_address>
         <run_address>0x20001374</run_address>
         <size>0x8</size>
         <input_file_ref idref="fl-a"/>
      </object_component>
      <object_component id="oc-235">
         <name>.data</name>
         <load_address>0x20001344</load_address>
         <run_address>0x20001344</run_address>
         <size>0x10</size>
         <input_file_ref idref="fl-b"/>
      </object_component>
      <object_component id="oc-244">
         <name>.data</name>
         <load_address>0x2000137c</load_address>
         <run_address>0x2000137c</run_address>
         <size>0x4</size>
         <input_file_ref idref="fl-cf"/>
      </object_component>
      <object_component id="oc-b6">
         <name>.data:$O1$$</name>
         <load_address>0x20001354</load_address>
         <run_address>0x20001354</run_address>
         <size>0xc</size>
         <input_file_ref idref="fl-d0"/>
      </object_component>
      <object_component id="oc-2aa">
         <name>.data:$O1$$</name>
         <load_address>0x20001254</load_address>
         <run_address>0x20001254</run_address>
         <size>0xd0</size>
         <input_file_ref idref="fl-d9"/>
      </object_component>
      <object_component id="oc-205">
         <name>.data:$O1$$</name>
         <load_address>0x20001360</load_address>
         <run_address>0x20001360</run_address>
         <size>0xc</size>
         <input_file_ref idref="fl-dc"/>
      </object_component>
      <object_component id="oc-78">
         <name>.data</name>
         <load_address>0x20001384</load_address>
         <run_address>0x20001384</run_address>
         <size>0x4</size>
         <input_file_ref idref="fl-e2"/>
      </object_component>
      <object_component id="oc-b9">
         <name>.data:$O1$$</name>
         <load_address>0x2000136c</load_address>
         <run_address>0x2000136c</run_address>
         <size>0x8</size>
         <input_file_ref idref="fl-ed"/>
      </object_component>
      <object_component id="oc-1d5">
         <name>.data:_ftable</name>
         <load_address>0x20001164</load_address>
         <run_address>0x20001164</run_address>
         <size>0xf0</size>
         <input_file_ref idref="fl-f4"/>
      </object_component>
      <object_component id="oc-29f">
         <name>.data</name>
         <load_address>0x20001334</load_address>
         <run_address>0x20001334</run_address>
         <size>0x10</size>
         <input_file_ref idref="fl-f4"/>
      </object_component>
      <object_component id="oc-351">
         <name>.data</name>
         <load_address>0x20001380</load_address>
         <run_address>0x20001380</run_address>
         <size>0x4</size>
         <input_file_ref idref="fl-fe"/>
      </object_component>
      <object_component id="oc-14c">
         <name>.bss:lastbuffer$3</name>
         <uninitialized>true</uninitialized>
         <run_address>0x200010e8</run_address>
         <size>0x54</size>
         <input_file_ref idref="fl-6"/>
      </object_component>
      <object_component id="oc-185">
         <name>.bss:firmware$2</name>
         <uninitialized>true</uninitialized>
         <run_address>0x2000113c</run_address>
         <size>0x18</size>
         <input_file_ref idref="fl-9"/>
      </object_component>
      <object_component id="oc-35e">
         <name>.bss:parmbuf</name>
         <uninitialized>true</uninitialized>
         <run_address>0x20001154</run_address>
         <size>0x8</size>
         <input_file_ref idref="fl-e8"/>
      </object_component>
      <object_component id="oc-36f">
         <name>.bss:_CIOBUF_</name>
         <uninitialized>true</uninitialized>
         <run_address>0x20000e70</run_address>
         <size>0x120</size>
         <input_file_ref idref="fl-e9"/>
      </object_component>
      <object_component id="oc-230">
         <name>.common:rise_time</name>
         <uninitialized>true</uninitialized>
         <run_address>0x20001160</run_address>
         <size>0x4</size>
      </object_component>
      <object_component id="oc-233">
         <name>.common:fall_time</name>
         <uninitialized>true</uninitialized>
         <run_address>0x2000115c</run_address>
         <size>0x4</size>
      </object_component>
      <object_component id="oc-1aa">
         <name>.common:objectLoc</name>
         <uninitialized>true</uninitialized>
         <run_address>0x2000108c</run_address>
         <size>0x5c</size>
      </object_component>
      <object_component id="oc-1ad">
         <name>.common:objectDist</name>
         <uninitialized>true</uninitialized>
         <run_address>0x20001030</run_address>
         <size>0x5c</size>
      </object_component>
      <object_component id="oc-36a">
         <name>.common:__TI_tmpnams</name>
         <uninitialized>true</uninitialized>
         <run_address>0x20000f90</run_address>
         <size>0xa0</size>
      </object_component>
      <object_component id="oc-2b">
         <name>.sysmem</name>
         <uninitialized>true</uninitialized>
         <run_address>0x20000270</run_address>
         <size>0x8</size>
         <input_file_ref idref="fl-dc"/>
      </object_component>
      <object_component id="oc-3a3">
         <name>.sysmem</name>
         <uninitialized>true</uninitialized>
         <run_address>0x20000270</run_address>
         <size>0x0</size>
      </object_component>
      <object_component id="oc-2a">
         <name>.stack</name>
         <uninitialized>true</uninitialized>
         <run_address>0x20000a70</run_address>
         <size>0x0</size>
         <input_file_ref idref="fl-c9"/>
      </object_component>
      <object_component id="oc-3a2">
         <name>.stack</name>
         <uninitialized>true</uninitialized>
         <run_address>0x20000a70</run_address>
         <size>0x0</size>
      </object_component>
      <object_component id="oc-1db">
         <name>.debug_info</name>
         <load_address>0x0</load_address>
         <run_address>0x0</run_address>
         <size>0x120</size>
         <input_file_ref idref="fl-2"/>
      </object_component>
      <object_component id="oc-fd">
         <name>.debug_info</name>
         <load_address>0x120</load_address>
         <run_address>0x120</run_address>
         <size>0x2c4</size>
         <input_file_ref idref="fl-2"/>
      </object_component>
      <object_component id="oc-200">
         <name>.debug_info</name>
         <load_address>0x3e4</load_address>
         <run_address>0x3e4</run_address>
         <size>0xc8</size>
         <input_file_ref idref="fl-2"/>
      </object_component>
      <object_component id="oc-3d">
         <name>.debug_info</name>
         <load_address>0x4ac</load_address>
         <run_address>0x4ac</run_address>
         <size>0x84</size>
         <input_file_ref idref="fl-2"/>
      </object_component>
      <object_component id="oc-83">
         <name>.debug_info</name>
         <load_address>0x530</load_address>
         <run_address>0x530</run_address>
         <size>0x18b</size>
         <input_file_ref idref="fl-2"/>
      </object_component>
      <object_component id="oc-14f">
         <name>.debug_info</name>
         <load_address>0x6bb</load_address>
         <run_address>0x6bb</run_address>
         <size>0x4e</size>
         <input_file_ref idref="fl-2"/>
      </object_component>
      <object_component id="oc-97">
         <name>.debug_info</name>
         <load_address>0x709</load_address>
         <run_address>0x709</run_address>
         <size>0x2c</size>
         <input_file_ref idref="fl-3"/>
      </object_component>
      <object_component id="oc-189">
         <name>.debug_info</name>
         <load_address>0x735</load_address>
         <run_address>0x735</run_address>
         <size>0x14e</size>
         <input_file_ref idref="fl-5"/>
      </object_component>
      <object_component id="oc-14e">
         <name>.debug_info</name>
         <load_address>0x883</load_address>
         <run_address>0x883</run_address>
         <size>0x1c7</size>
         <input_file_ref idref="fl-6"/>
      </object_component>
      <object_component id="oc-133">
         <name>.debug_info</name>
         <load_address>0xa4a</load_address>
         <run_address>0xa4a</run_address>
         <size>0x112</size>
         <input_file_ref idref="fl-6"/>
      </object_component>
      <object_component id="oc-e1">
         <name>.debug_info</name>
         <load_address>0xb5c</load_address>
         <run_address>0xb5c</run_address>
         <size>0x830</size>
         <input_file_ref idref="fl-6"/>
      </object_component>
      <object_component id="oc-10f">
         <name>.debug_info</name>
         <load_address>0x138c</load_address>
         <run_address>0x138c</run_address>
         <size>0x3fd</size>
         <input_file_ref idref="fl-7"/>
      </object_component>
      <object_component id="oc-af">
         <name>.debug_info</name>
         <load_address>0x1789</load_address>
         <run_address>0x1789</run_address>
         <size>0x8de</size>
         <input_file_ref idref="fl-7"/>
      </object_component>
      <object_component id="oc-1e6">
         <name>.debug_info</name>
         <load_address>0x2067</load_address>
         <run_address>0x2067</run_address>
         <size>0x5aa</size>
         <input_file_ref idref="fl-7"/>
      </object_component>
      <object_component id="oc-1e3">
         <name>.debug_info</name>
         <load_address>0x2611</load_address>
         <run_address>0x2611</run_address>
         <size>0x181</size>
         <input_file_ref idref="fl-8"/>
      </object_component>
      <object_component id="oc-109">
         <name>.debug_info</name>
         <load_address>0x2792</load_address>
         <run_address>0x2792</run_address>
         <size>0x4ad</size>
         <input_file_ref idref="fl-8"/>
      </object_component>
      <object_component id="oc-187">
         <name>.debug_info</name>
         <load_address>0x2c3f</load_address>
         <run_address>0x2c3f</run_address>
         <size>0x278</size>
         <input_file_ref idref="fl-9"/>
      </object_component>
      <object_component id="oc-183">
         <name>.debug_info</name>
         <load_address>0x2eb7</load_address>
         <run_address>0x2eb7</run_address>
         <size>0xc4</size>
         <input_file_ref idref="fl-9"/>
      </object_component>
      <object_component id="oc-15c">
         <name>.debug_info</name>
         <load_address>0x2f7b</load_address>
         <run_address>0x2f7b</run_address>
         <size>0x13c</size>
         <input_file_ref idref="fl-9"/>
      </object_component>
      <object_component id="oc-e6">
         <name>.debug_info</name>
         <load_address>0x30b7</load_address>
         <run_address>0x30b7</run_address>
         <size>0x14d6</size>
         <input_file_ref idref="fl-9"/>
      </object_component>
      <object_component id="oc-1dd">
         <name>.debug_info</name>
         <load_address>0x458d</load_address>
         <run_address>0x458d</run_address>
         <size>0x2c</size>
         <input_file_ref idref="fl-9"/>
      </object_component>
      <object_component id="oc-231">
         <name>.debug_info</name>
         <load_address>0x45b9</load_address>
         <run_address>0x45b9</run_address>
         <size>0x1b4</size>
         <input_file_ref idref="fl-a"/>
      </object_component>
      <object_component id="oc-22e">
         <name>.debug_info</name>
         <load_address>0x476d</load_address>
         <run_address>0x476d</run_address>
         <size>0xb4</size>
         <input_file_ref idref="fl-a"/>
      </object_component>
      <object_component id="oc-190">
         <name>.debug_info</name>
         <load_address>0x4821</load_address>
         <run_address>0x4821</run_address>
         <size>0x404</size>
         <input_file_ref idref="fl-a"/>
      </object_component>
      <object_component id="oc-2d7">
         <name>.debug_info</name>
         <load_address>0x4c25</load_address>
         <run_address>0x4c25</run_address>
         <size>0x4d</size>
         <input_file_ref idref="fl-a"/>
      </object_component>
      <object_component id="oc-215">
         <name>.debug_info</name>
         <load_address>0x4c72</load_address>
         <run_address>0x4c72</run_address>
         <size>0x8b</size>
         <input_file_ref idref="fl-a"/>
      </object_component>
      <object_component id="oc-2dd">
         <name>.debug_info</name>
         <load_address>0x4cfd</load_address>
         <run_address>0x4cfd</run_address>
         <size>0xe4</size>
         <input_file_ref idref="fl-b"/>
      </object_component>
      <object_component id="oc-236">
         <name>.debug_info</name>
         <load_address>0x4de1</load_address>
         <run_address>0x4de1</run_address>
         <size>0x12e</size>
         <input_file_ref idref="fl-b"/>
      </object_component>
      <object_component id="oc-197">
         <name>.debug_info</name>
         <load_address>0x4f0f</load_address>
         <run_address>0x4f0f</run_address>
         <size>0x208</size>
         <input_file_ref idref="fl-b"/>
      </object_component>
      <object_component id="oc-1ab">
         <name>.debug_info</name>
         <load_address>0x5117</load_address>
         <run_address>0x5117</run_address>
         <size>0x38f</size>
         <input_file_ref idref="fl-c"/>
      </object_component>
      <object_component id="oc-eb">
         <name>.debug_info</name>
         <load_address>0x54a6</load_address>
         <run_address>0x54a6</run_address>
         <size>0x71d</size>
         <input_file_ref idref="fl-c"/>
      </object_component>
      <object_component id="oc-104">
         <name>.debug_info</name>
         <load_address>0x5bc3</load_address>
         <run_address>0x5bc3</run_address>
         <size>0x3e2</size>
         <input_file_ref idref="fl-d"/>
      </object_component>
      <object_component id="oc-36">
         <name>.debug_info</name>
         <load_address>0x5fa5</load_address>
         <run_address>0x5fa5</run_address>
         <size>0xed</size>
         <input_file_ref idref="fl-e"/>
      </object_component>
      <object_component id="oc-10">
         <name>.debug_info</name>
         <load_address>0x6092</load_address>
         <run_address>0x6092</run_address>
         <size>0xd8</size>
         <input_file_ref idref="fl-e"/>
      </object_component>
      <object_component id="oc-31">
         <name>.debug_info</name>
         <load_address>0x616a</load_address>
         <run_address>0x616a</run_address>
         <size>0x254</size>
         <input_file_ref idref="fl-e"/>
      </object_component>
      <object_component id="oc-25">
         <name>.debug_info</name>
         <load_address>0x63be</load_address>
         <run_address>0x63be</run_address>
         <size>0x160</size>
         <input_file_ref idref="fl-c9"/>
      </object_component>
      <object_component id="oc-8d">
         <name>.debug_info</name>
         <load_address>0x651e</load_address>
         <run_address>0x651e</run_address>
         <size>0xf9</size>
         <input_file_ref idref="fl-ca"/>
      </object_component>
      <object_component id="oc-14">
         <name>.debug_info</name>
         <load_address>0x6617</load_address>
         <run_address>0x6617</run_address>
         <size>0x245</size>
         <input_file_ref idref="fl-ca"/>
      </object_component>
      <object_component id="oc-38">
         <name>.debug_info</name>
         <load_address>0x685c</load_address>
         <run_address>0x685c</run_address>
         <size>0x60</size>
         <input_file_ref idref="fl-ca"/>
      </object_component>
      <object_component id="oc-88">
         <name>.debug_info</name>
         <load_address>0x68bc</load_address>
         <run_address>0x68bc</run_address>
         <size>0x46</size>
         <input_file_ref idref="fl-ca"/>
      </object_component>
      <object_component id="oc-4d">
         <name>.debug_info</name>
         <load_address>0x6902</load_address>
         <run_address>0x6902</run_address>
         <size>0x140</size>
         <input_file_ref idref="fl-cb"/>
      </object_component>
      <object_component id="oc-19">
         <name>.debug_info</name>
         <load_address>0x6a42</load_address>
         <run_address>0x6a42</run_address>
         <size>0x1df</size>
         <input_file_ref idref="fl-cb"/>
      </object_component>
      <object_component id="oc-48">
         <name>.debug_info</name>
         <load_address>0x6c21</load_address>
         <run_address>0x6c21</run_address>
         <size>0x46</size>
         <input_file_ref idref="fl-cb"/>
      </object_component>
      <object_component id="oc-8f">
         <name>.debug_info</name>
         <load_address>0x6c67</load_address>
         <run_address>0x6c67</run_address>
         <size>0x2c</size>
         <input_file_ref idref="fl-cb"/>
      </object_component>
      <object_component id="oc-59">
         <name>.debug_info</name>
         <load_address>0x6c93</load_address>
         <run_address>0x6c93</run_address>
         <size>0x12f</size>
         <input_file_ref idref="fl-cc"/>
      </object_component>
      <object_component id="oc-22">
         <name>.debug_info</name>
         <load_address>0x6dc2</load_address>
         <run_address>0x6dc2</run_address>
         <size>0x1aa</size>
         <input_file_ref idref="fl-cc"/>
      </object_component>
      <object_component id="oc-54">
         <name>.debug_info</name>
         <load_address>0x6f6c</load_address>
         <run_address>0x6f6c</run_address>
         <size>0x46</size>
         <input_file_ref idref="fl-cc"/>
      </object_component>
      <object_component id="oc-256">
         <name>.debug_info</name>
         <load_address>0x6fb2</load_address>
         <run_address>0x6fb2</run_address>
         <size>0x201</size>
         <input_file_ref idref="fl-cd"/>
      </object_component>
      <object_component id="oc-248">
         <name>.debug_info</name>
         <load_address>0x71b3</load_address>
         <run_address>0x71b3</run_address>
         <size>0x11d</size>
         <input_file_ref idref="fl-cd"/>
      </object_component>
      <object_component id="oc-19b">
         <name>.debug_info</name>
         <load_address>0x72d0</load_address>
         <run_address>0x72d0</run_address>
         <size>0xb75</size>
         <input_file_ref idref="fl-cd"/>
      </object_component>
      <object_component id="oc-251">
         <name>.debug_info</name>
         <load_address>0x7e45</load_address>
         <run_address>0x7e45</run_address>
         <size>0x39</size>
         <input_file_ref idref="fl-cd"/>
      </object_component>
      <object_component id="oc-2e0">
         <name>.debug_info</name>
         <load_address>0x7e7e</load_address>
         <run_address>0x7e7e</run_address>
         <size>0x149</size>
         <input_file_ref idref="fl-ce"/>
      </object_component>
      <object_component id="oc-23f">
         <name>.debug_info</name>
         <load_address>0x7fc7</load_address>
         <run_address>0x7fc7</run_address>
         <size>0x240</size>
         <input_file_ref idref="fl-ce"/>
      </object_component>
      <object_component id="oc-245">
         <name>.debug_info</name>
         <load_address>0x8207</load_address>
         <run_address>0x8207</run_address>
         <size>0xf3</size>
         <input_file_ref idref="fl-cf"/>
      </object_component>
      <object_component id="oc-bd">
         <name>.debug_info</name>
         <load_address>0x82fa</load_address>
         <run_address>0x82fa</run_address>
         <size>0x234</size>
         <input_file_ref idref="fl-d0"/>
      </object_component>
      <object_component id="oc-b7">
         <name>.debug_info</name>
         <load_address>0x852e</load_address>
         <run_address>0x852e</run_address>
         <size>0x185</size>
         <input_file_ref idref="fl-d0"/>
      </object_component>
      <object_component id="oc-74">
         <name>.debug_info</name>
         <load_address>0x86b3</load_address>
         <run_address>0x86b3</run_address>
         <size>0x214</size>
         <input_file_ref idref="fl-d0"/>
      </object_component>
      <object_component id="oc-23a">
         <name>.debug_info</name>
         <load_address>0x88c7</load_address>
         <run_address>0x88c7</run_address>
         <size>0x144</size>
         <input_file_ref idref="fl-d1"/>
      </object_component>
      <object_component id="oc-1a8">
         <name>.debug_info</name>
         <load_address>0x8a0b</load_address>
         <run_address>0x8a0b</run_address>
         <size>0x120</size>
         <input_file_ref idref="fl-d2"/>
      </object_component>
      <object_component id="oc-1a2">
         <name>.debug_info</name>
         <load_address>0x8b2b</load_address>
         <run_address>0x8b2b</run_address>
         <size>0x122</size>
         <input_file_ref idref="fl-d2"/>
      </object_component>
      <object_component id="oc-17f">
         <name>.debug_info</name>
         <load_address>0x8c4d</load_address>
         <run_address>0x8c4d</run_address>
         <size>0x132</size>
         <input_file_ref idref="fl-d3"/>
      </object_component>
      <object_component id="oc-174">
         <name>.debug_info</name>
         <load_address>0x8d7f</load_address>
         <run_address>0x8d7f</run_address>
         <size>0x132</size>
         <input_file_ref idref="fl-d4"/>
      </object_component>
      <object_component id="oc-179">
         <name>.debug_info</name>
         <load_address>0x8eb1</load_address>
         <run_address>0x8eb1</run_address>
         <size>0x126</size>
         <input_file_ref idref="fl-d5"/>
      </object_component>
      <object_component id="oc-229">
         <name>.debug_info</name>
         <load_address>0x8fd7</load_address>
         <run_address>0x8fd7</run_address>
         <size>0x131</size>
         <input_file_ref idref="fl-d6"/>
      </object_component>
      <object_component id="oc-1d9">
         <name>.debug_info</name>
         <load_address>0x9108</load_address>
         <run_address>0x9108</run_address>
         <size>0x2a2</size>
         <input_file_ref idref="fl-d7"/>
      </object_component>
      <object_component id="oc-f7">
         <name>.debug_info</name>
         <load_address>0x93aa</load_address>
         <run_address>0x93aa</run_address>
         <size>0x359</size>
         <input_file_ref idref="fl-d7"/>
      </object_component>
      <object_component id="oc-2bb">
         <name>.debug_info</name>
         <load_address>0x9703</load_address>
         <run_address>0x9703</run_address>
         <size>0xae</size>
         <input_file_ref idref="fl-d7"/>
      </object_component>
      <object_component id="oc-16e">
         <name>.debug_info</name>
         <load_address>0x97b1</load_address>
         <run_address>0x97b1</run_address>
         <size>0x124</size>
         <input_file_ref idref="fl-d8"/>
      </object_component>
      <object_component id="oc-2ae">
         <name>.debug_info</name>
         <load_address>0x98d5</load_address>
         <run_address>0x98d5</run_address>
         <size>0x4a0</size>
         <input_file_ref idref="fl-d9"/>
      </object_component>
      <object_component id="oc-2ab">
         <name>.debug_info</name>
         <load_address>0x9d75</load_address>
         <run_address>0x9d75</run_address>
         <size>0x116</size>
         <input_file_ref idref="fl-d9"/>
      </object_component>
      <object_component id="oc-1d0">
         <name>.debug_info</name>
         <load_address>0x9e8b</load_address>
         <run_address>0x9e8b</run_address>
         <size>0xb0b</size>
         <input_file_ref idref="fl-d9"/>
      </object_component>
      <object_component id="oc-32e">
         <name>.debug_info</name>
         <load_address>0xa996</load_address>
         <run_address>0xa996</run_address>
         <size>0x120</size>
         <input_file_ref idref="fl-d9"/>
      </object_component>
      <object_component id="oc-1f0">
         <name>.debug_info</name>
         <load_address>0xaab6</load_address>
         <run_address>0xaab6</run_address>
         <size>0x2c</size>
         <input_file_ref idref="fl-d9"/>
      </object_component>
      <object_component id="oc-2b0">
         <name>.debug_info</name>
         <load_address>0xaae2</load_address>
         <run_address>0xaae2</run_address>
         <size>0x2c</size>
         <input_file_ref idref="fl-d9"/>
      </object_component>
      <object_component id="oc-29e">
         <name>.debug_info</name>
         <load_address>0xab0e</load_address>
         <run_address>0xab0e</run_address>
         <size>0x100</size>
         <input_file_ref idref="fl-da"/>
      </object_component>
      <object_component id="oc-1c6">
         <name>.debug_info</name>
         <load_address>0xac0e</load_address>
         <run_address>0xac0e</run_address>
         <size>0x242</size>
         <input_file_ref idref="fl-da"/>
      </object_component>
      <object_component id="oc-45">
         <name>.debug_info</name>
         <load_address>0xae50</load_address>
         <run_address>0xae50</run_address>
         <size>0x111</size>
         <input_file_ref idref="fl-db"/>
      </object_component>
      <object_component id="oc-7e">
         <name>.debug_info</name>
         <load_address>0xaf61</load_address>
         <run_address>0xaf61</run_address>
         <size>0x222</size>
         <input_file_ref idref="fl-dc"/>
      </object_component>
      <object_component id="oc-2c">
         <name>.debug_info</name>
         <load_address>0xb183</load_address>
         <run_address>0xb183</run_address>
         <size>0x101</size>
         <input_file_ref idref="fl-dc"/>
      </object_component>
      <object_component id="oc-206">
         <name>.debug_info</name>
         <load_address>0xb284</load_address>
         <run_address>0xb284</run_address>
         <size>0x14c</size>
         <input_file_ref idref="fl-dc"/>
      </object_component>
      <object_component id="oc-155">
         <name>.debug_info</name>
         <load_address>0xb3d0</load_address>
         <run_address>0xb3d0</run_address>
         <size>0x885</size>
         <input_file_ref idref="fl-dc"/>
      </object_component>
      <object_component id="oc-c3">
         <name>.debug_info</name>
         <load_address>0xbc55</load_address>
         <run_address>0xbc55</run_address>
         <size>0x2c</size>
         <input_file_ref idref="fl-dc"/>
      </object_component>
      <object_component id="oc-c8">
         <name>.debug_info</name>
         <load_address>0xbc81</load_address>
         <run_address>0xbc81</run_address>
         <size>0x62</size>
         <input_file_ref idref="fl-dc"/>
      </object_component>
      <object_component id="oc-51">
         <name>.debug_info</name>
         <load_address>0xbce3</load_address>
         <run_address>0xbce3</run_address>
         <size>0x13f</size>
         <input_file_ref idref="fl-dd"/>
      </object_component>
      <object_component id="oc-5b">
         <name>.debug_info</name>
         <load_address>0xbe22</load_address>
         <run_address>0xbe22</run_address>
         <size>0x138</size>
         <input_file_ref idref="fl-de"/>
      </object_component>
      <object_component id="oc-61">
         <name>.debug_info</name>
         <load_address>0xbf5a</load_address>
         <run_address>0xbf5a</run_address>
         <size>0x148</size>
         <input_file_ref idref="fl-df"/>
      </object_component>
      <object_component id="oc-2ec">
         <name>.debug_info</name>
         <load_address>0xc0a2</load_address>
         <run_address>0xc0a2</run_address>
         <size>0x17c</size>
         <input_file_ref idref="fl-e0"/>
      </object_component>
      <object_component id="oc-24d">
         <name>.debug_info</name>
         <load_address>0xc21e</load_address>
         <run_address>0xc21e</run_address>
         <size>0x1d5</size>
         <input_file_ref idref="fl-e0"/>
      </object_component>
      <object_component id="oc-2ed">
         <name>.debug_info</name>
         <load_address>0xc3f3</load_address>
         <run_address>0xc3f3</run_address>
         <size>0x2c</size>
         <input_file_ref idref="fl-e0"/>
      </object_component>
      <object_component id="oc-1b6">
         <name>.debug_info</name>
         <load_address>0xc41f</load_address>
         <run_address>0xc41f</run_address>
         <size>0x1bb</size>
         <input_file_ref idref="fl-e1"/>
      </object_component>
      <object_component id="oc-f1">
         <name>.debug_info</name>
         <load_address>0xc5da</load_address>
         <run_address>0xc5da</run_address>
         <size>0x2e4</size>
         <input_file_ref idref="fl-e1"/>
      </object_component>
      <object_component id="oc-79">
         <name>.debug_info</name>
         <load_address>0xc8be</load_address>
         <run_address>0xc8be</run_address>
         <size>0x109</size>
         <input_file_ref idref="fl-e2"/>
      </object_component>
      <object_component id="oc-2fa">
         <name>.debug_info</name>
         <load_address>0xc9c7</load_address>
         <run_address>0xc9c7</run_address>
         <size>0xf5</size>
         <input_file_ref idref="fl-e3"/>
      </object_component>
      <object_component id="oc-26e">
         <name>.debug_info</name>
         <load_address>0xcabc</load_address>
         <run_address>0xcabc</run_address>
         <size>0x244</size>
         <input_file_ref idref="fl-e3"/>
      </object_component>
      <object_component id="oc-1fb">
         <name>.debug_info</name>
         <load_address>0xcd00</load_address>
         <run_address>0xcd00</run_address>
         <size>0xe5</size>
         <input_file_ref idref="fl-e4"/>
      </object_component>
      <object_component id="oc-140">
         <name>.debug_info</name>
         <load_address>0xcde5</load_address>
         <run_address>0xcde5</run_address>
         <size>0x258</size>
         <input_file_ref idref="fl-e4"/>
      </object_component>
      <object_component id="oc-1fd">
         <name>.debug_info</name>
         <load_address>0xd03d</load_address>
         <run_address>0xd03d</run_address>
         <size>0xf0</size>
         <input_file_ref idref="fl-e5"/>
      </object_component>
      <object_component id="oc-148">
         <name>.debug_info</name>
         <load_address>0xd12d</load_address>
         <run_address>0xd12d</run_address>
         <size>0x231</size>
         <input_file_ref idref="fl-e5"/>
      </object_component>
      <object_component id="oc-29c">
         <name>.debug_info</name>
         <load_address>0xd35e</load_address>
         <run_address>0xd35e</run_address>
         <size>0xea</size>
         <input_file_ref idref="fl-e6"/>
      </object_component>
      <object_component id="oc-1c0">
         <name>.debug_info</name>
         <load_address>0xd448</load_address>
         <run_address>0xd448</run_address>
         <size>0x22a</size>
         <input_file_ref idref="fl-e6"/>
      </object_component>
      <object_component id="oc-323">
         <name>.debug_info</name>
         <load_address>0xd672</load_address>
         <run_address>0xd672</run_address>
         <size>0xf6</size>
         <input_file_ref idref="fl-e7"/>
      </object_component>
      <object_component id="oc-2a5">
         <name>.debug_info</name>
         <load_address>0xd768</load_address>
         <run_address>0xd768</run_address>
         <size>0x259</size>
         <input_file_ref idref="fl-e7"/>
      </object_component>
      <object_component id="oc-362">
         <name>.debug_info</name>
         <load_address>0xd9c1</load_address>
         <run_address>0xd9c1</run_address>
         <size>0x24f</size>
         <input_file_ref idref="fl-e8"/>
      </object_component>
      <object_component id="oc-35f">
         <name>.debug_info</name>
         <load_address>0xdc10</load_address>
         <run_address>0xdc10</run_address>
         <size>0xf8</size>
         <input_file_ref idref="fl-e8"/>
      </object_component>
      <object_component id="oc-327">
         <name>.debug_info</name>
         <load_address>0xdd08</load_address>
         <run_address>0xdd08</run_address>
         <size>0xab9</size>
         <input_file_ref idref="fl-e8"/>
      </object_component>
      <object_component id="oc-363">
         <name>.debug_info</name>
         <load_address>0xe7c1</load_address>
         <run_address>0xe7c1</run_address>
         <size>0x53</size>
         <input_file_ref idref="fl-e8"/>
      </object_component>
      <object_component id="oc-373">
         <name>.debug_info</name>
         <load_address>0xe814</load_address>
         <run_address>0xe814</run_address>
         <size>0x116</size>
         <input_file_ref idref="fl-e9"/>
      </object_component>
      <object_component id="oc-370">
         <name>.debug_info</name>
         <load_address>0xe92a</load_address>
         <run_address>0xe92a</run_address>
         <size>0xfd</size>
         <input_file_ref idref="fl-e9"/>
      </object_component>
      <object_component id="oc-35c">
         <name>.debug_info</name>
         <load_address>0xea27</load_address>
         <run_address>0xea27</run_address>
         <size>0x281</size>
         <input_file_ref idref="fl-e9"/>
      </object_component>
      <object_component id="oc-224">
         <name>.debug_info</name>
         <load_address>0xeca8</load_address>
         <run_address>0xeca8</run_address>
         <size>0x126</size>
         <input_file_ref idref="fl-ea"/>
      </object_component>
      <object_component id="oc-1ef">
         <name>.debug_info</name>
         <load_address>0xedce</load_address>
         <run_address>0xedce</run_address>
         <size>0x1c8</size>
         <input_file_ref idref="fl-eb"/>
      </object_component>
      <object_component id="oc-13b">
         <name>.debug_info</name>
         <load_address>0xef96</load_address>
         <run_address>0xef96</run_address>
         <size>0x35c</size>
         <input_file_ref idref="fl-eb"/>
      </object_component>
      <object_component id="oc-1f5">
         <name>.debug_info</name>
         <load_address>0xf2f2</load_address>
         <run_address>0xf2f2</run_address>
         <size>0x69</size>
         <input_file_ref idref="fl-eb"/>
      </object_component>
      <object_component id="oc-29a">
         <name>.debug_info</name>
         <load_address>0xf35b</load_address>
         <run_address>0xf35b</run_address>
         <size>0x151</size>
         <input_file_ref idref="fl-ec"/>
      </object_component>
      <object_component id="oc-1b8">
         <name>.debug_info</name>
         <load_address>0xf4ac</load_address>
         <run_address>0xf4ac</run_address>
         <size>0x230</size>
         <input_file_ref idref="fl-ec"/>
      </object_component>
      <object_component id="oc-313">
         <name>.debug_info</name>
         <load_address>0xf6dc</load_address>
         <run_address>0xf6dc</run_address>
         <size>0xbb</size>
         <input_file_ref idref="fl-ec"/>
      </object_component>
      <object_component id="oc-121">
         <name>.debug_info</name>
         <load_address>0xf797</load_address>
         <run_address>0xf797</run_address>
         <size>0x124</size>
         <input_file_ref idref="fl-ed"/>
      </object_component>
      <object_component id="oc-ba">
         <name>.debug_info</name>
         <load_address>0xf8bb</load_address>
         <run_address>0xf8bb</run_address>
         <size>0x113</size>
         <input_file_ref idref="fl-ed"/>
      </object_component>
      <object_component id="oc-11c">
         <name>.debug_info</name>
         <load_address>0xf9ce</load_address>
         <run_address>0xf9ce</run_address>
         <size>0x21f</size>
         <input_file_ref idref="fl-ed"/>
      </object_component>
      <object_component id="oc-280">
         <name>.debug_info</name>
         <load_address>0xfbed</load_address>
         <run_address>0xfbed</run_address>
         <size>0x385</size>
         <input_file_ref idref="fl-ee"/>
      </object_component>
      <object_component id="oc-1b1">
         <name>.debug_info</name>
         <load_address>0xff72</load_address>
         <run_address>0xff72</run_address>
         <size>0x1543</size>
         <input_file_ref idref="fl-ee"/>
      </object_component>
      <object_component id="oc-281">
         <name>.debug_info</name>
         <load_address>0x114b5</load_address>
         <run_address>0x114b5</run_address>
         <size>0x86</size>
         <input_file_ref idref="fl-ee"/>
      </object_component>
      <object_component id="oc-304">
         <name>.debug_info</name>
         <load_address>0x1153b</load_address>
         <run_address>0x1153b</run_address>
         <size>0x46</size>
         <input_file_ref idref="fl-ee"/>
      </object_component>
      <object_component id="oc-286">
         <name>.debug_info</name>
         <load_address>0x11581</load_address>
         <run_address>0x11581</run_address>
         <size>0x39</size>
         <input_file_ref idref="fl-ee"/>
      </object_component>
      <object_component id="oc-b5">
         <name>.debug_info</name>
         <load_address>0x115ba</load_address>
         <run_address>0x115ba</run_address>
         <size>0x166</size>
         <input_file_ref idref="fl-ef"/>
      </object_component>
      <object_component id="oc-70">
         <name>.debug_info</name>
         <load_address>0x11720</load_address>
         <run_address>0x11720</run_address>
         <size>0x167</size>
         <input_file_ref idref="fl-ef"/>
      </object_component>
      <object_component id="oc-112">
         <name>.debug_info</name>
         <load_address>0x11887</load_address>
         <run_address>0x11887</run_address>
         <size>0x5e</size>
         <input_file_ref idref="fl-ef"/>
      </object_component>
      <object_component id="oc-2ff">
         <name>.debug_info</name>
         <load_address>0x118e5</load_address>
         <run_address>0x118e5</run_address>
         <size>0x114</size>
         <input_file_ref idref="fl-f0"/>
      </object_component>
      <object_component id="oc-275">
         <name>.debug_info</name>
         <load_address>0x119f9</load_address>
         <run_address>0x119f9</run_address>
         <size>0x171</size>
         <input_file_ref idref="fl-f0"/>
      </object_component>
      <object_component id="oc-ad">
         <name>.debug_info</name>
         <load_address>0x11b6a</load_address>
         <run_address>0x11b6a</run_address>
         <size>0x2e9</size>
         <input_file_ref idref="fl-f1"/>
      </object_component>
      <object_component id="oc-67">
         <name>.debug_info</name>
         <load_address>0x11e53</load_address>
         <run_address>0x11e53</run_address>
         <size>0x190</size>
         <input_file_ref idref="fl-f1"/>
      </object_component>
      <object_component id="oc-d4">
         <name>.debug_info</name>
         <load_address>0x11fe3</load_address>
         <run_address>0x11fe3</run_address>
         <size>0x39</size>
         <input_file_ref idref="fl-f1"/>
      </object_component>
      <object_component id="oc-12c">
         <name>.debug_info</name>
         <load_address>0x1201c</load_address>
         <run_address>0x1201c</run_address>
         <size>0x39</size>
         <input_file_ref idref="fl-f1"/>
      </object_component>
      <object_component id="oc-d9">
         <name>.debug_info</name>
         <load_address>0x12055</load_address>
         <run_address>0x12055</run_address>
         <size>0xcd</size>
         <input_file_ref idref="fl-f1"/>
      </object_component>
      <object_component id="oc-d0">
         <name>.debug_info</name>
         <load_address>0x12122</load_address>
         <run_address>0x12122</run_address>
         <size>0x1e0</size>
         <input_file_ref idref="fl-f2"/>
      </object_component>
      <object_component id="oc-a1">
         <name>.debug_info</name>
         <load_address>0x12302</load_address>
         <run_address>0x12302</run_address>
         <size>0x183</size>
         <input_file_ref idref="fl-f2"/>
      </object_component>
      <object_component id="oc-127">
         <name>.debug_info</name>
         <load_address>0x12485</load_address>
         <run_address>0x12485</run_address>
         <size>0x2c</size>
         <input_file_ref idref="fl-f2"/>
      </object_component>
      <object_component id="oc-344">
         <name>.debug_info</name>
         <load_address>0x124b1</load_address>
         <run_address>0x124b1</run_address>
         <size>0xee</size>
         <input_file_ref idref="fl-f3"/>
      </object_component>
      <object_component id="oc-2fc">
         <name>.debug_info</name>
         <load_address>0x1259f</load_address>
         <run_address>0x1259f</run_address>
         <size>0xfa</size>
         <input_file_ref idref="fl-f3"/>
[...]
      </symbol>
      <symbol id="sm-327">
         <name>__TI_zero_init</name>
         <value>0x5c9b</value>
         <object_component_ref idref="oc-1e"/>
      </symbol>
      <symbol id="sm-3b7">
         <name>pow</name>
         <value>0x1e31</value>
         <object_component_ref idref="oc-19a"/>
      </symbol>
      <symbol id="sm-3b8">
         <name>powl</name>
         <value>0x1e31</value>
         <object_component_ref idref="oc-19a"/>
      </symbol>
      <symbol id="sm-3dc">
         <name>sqrtl</name>
         <value>0x45d9</value>
         <object_component_ref idref="oc-23e"/>
      </symbol>
      <symbol id="sm-3dd">
         <name>sqrt</name>
         <value>0x45d9</value>
         <object_component_ref idref="oc-23e"/>
      </symbol>
      <symbol id="sm-3e5">
         <name>errno</name>
         <value>0x2000137c</value>
         <object_component_ref idref="oc-244"/>
      </symbol>
      <symbol id="sm-406">
         <name>C$$EXIT</name>
         <value>0x58ed</value>
         <object_component_ref idref="oc-72"/>
      </symbol>
      <symbol id="sm-407">
         <name>abort</name>
         <value>0x58f1</value>
         <object_component_ref idref="oc-72"/>
      </symbol>
      <symbol id="sm-408">
         <name>exit</name>
         <value>0x58f9</value>
         <object_component_ref idref="oc-72"/>
      </symbol>
      <symbol id="sm-409">
         <name>__TI_dtors_ptr</name>
         <value>0x20001358</value>
         <object_component_ref idref="oc-b6"/>
      </symbol>
      <symbol id="sm-40a">
         <name>__TI_cleanup_ptr</name>
         <value>0x20001354</value>
         <object_component_ref idref="oc-b6"/>
      </symbol>
      <symbol id="sm-40b">
         <name>__TI_enable_exit_profile_output</name>
         <value>0x2000135c</value>
         <object_component_ref idref="oc-b6"/>
      </symbol>
      <symbol id="sm-422">
         <name>__aeabi_dsub</name>
         <value>0x4285</value>
         <object_component_ref idref="oc-239"/>
      </symbol>
      <symbol id="sm-423">
         <name>__aeabi_dadd</name>
         <value>0x428f</value>
         <object_component_ref idref="oc-239"/>
      </symbol>
      <symbol id="sm-445">
         <name>__aeabi_cdcmpeq</name>
         <value>0x54a9</value>
         <object_component_ref idref="oc-1a5"/>
      </symbol>
      <symbol id="sm-446">
         <name>__aeabi_cdcmple</name>
         <value>0x54a9</value>
         <object_component_ref idref="oc-1a5"/>
      </symbol>
      <symbol id="sm-447">
         <name>__aeabi_cdrcmple</name>
         <value>0x552f</value>
         <object_component_ref idref="oc-1a0"/>
      </symbol>
      <symbol id="sm-45b">
         <name>__aeabi_ddiv</name>
         <value>0x4b45</value>
         <object_component_ref idref="oc-17c"/>
      </symbol>
      <symbol id="sm-466">
         <name>__aeabi_dmul</name>
         <value>0x4db1</value>
         <object_component_ref idref="oc-172"/>
      </symbol>
      <symbol id="sm-470">
         <name>__aeabi_d2iz</name>
         <value>0x5a2d</value>
         <object_component_ref idref="oc-177"/>
      </symbol>
      <symbol id="sm-47a">
         <name>__aeabi_d2uiz</name>
         <value>0x5a75</value>
         <object_component_ref idref="oc-228"/>
      </symbol>
      <symbol id="sm-4a1">
         <name>puts</name>
         <value>0x4d89</value>
         <object_component_ref idref="oc-f6"/>
      </symbol>
      <symbol id="sm-4a2">
         <name>fputs</name>
         <value>0x4c7d</value>
         <object_component_ref idref="oc-f6"/>
      </symbol>
      <symbol id="sm-4ac">
         <name>__aeabi_i2d</name>
         <value>0x5b25</value>
         <object_component_ref idref="oc-16d"/>
      </symbol>
      <symbol id="sm-4ff">
         <name>open</name>
         <value>0x37d7</value>
         <object_component_ref idref="oc-1cf"/>
      </symbol>
      <symbol id="sm-500">
         <name>add_device</name>
         <value>0x38f9</value>
         <object_component_ref idref="oc-1cf"/>
      </symbol>
      <symbol id="sm-501">
         <name>remove_device</name>
         <value>0x378b</value>
         <object_component_ref idref="oc-1cf"/>
      </symbol>
      <symbol id="sm-502">
         <name>lseek</name>
         <value>0x3885</value>
         <object_component_ref idref="oc-1cf"/>
      </symbol>
      <symbol id="sm-503">
         <name>read</name>
         <value>0x37b3</value>
         <object_component_ref idref="oc-1cf"/>
      </symbol>
      <symbol id="sm-504">
         <name>rename</name>
         <value>0x374d</value>
         <object_component_ref idref="oc-1cf"/>
      </symbol>
      <symbol id="sm-505">
         <name>write</name>
         <value>0x3699</value>
         <object_component_ref idref="oc-1cf"/>
      </symbol>
      <symbol id="sm-506">
         <name>close</name>
         <value>0x38a9</value>
         <object_component_ref idref="oc-1cf"/>
      </symbol>
      <symbol id="sm-507">
         <name>unlink</name>
         <value>0x3729</value>
         <object_component_ref idref="oc-1cf"/>
      </symbol>
      <symbol id="sm-517">
         <name>memchr</name>
         <value>0x5b53</value>
         <object_component_ref idref="oc-1c3"/>
      </symbol>
      <symbol id="sm-532">
         <name>memcpy</name>
         <value>0x52ed</value>
         <object_component_ref idref="oc-42"/>
      </symbol>
      <symbol id="sm-533">
         <name>__aeabi_memcpy</name>
         <value>0x52ed</value>
         <object_component_ref idref="oc-42"/>
      </symbol>
      <symbol id="sm-534">
         <name>__aeabi_memcpy8</name>
         <value>0x52ed</value>
         <object_component_ref idref="oc-42"/>
      </symbol>
      <symbol id="sm-535">
         <name>__aeabi_memcpy4</name>
         <value>0x52ed</value>
         <object_component_ref idref="oc-42"/>
      </symbol>
      <symbol id="sm-5a9">
         <name>_sys_memory</name>
         <value>0x20000270</value>
         <object_component_ref idref="oc-2b"/>
      </symbol>
      <symbol id="sm-5aa">
         <name>free</name>
         <value>0x2d17</value>
         <object_component_ref idref="oc-154"/>
      </symbol>
      <symbol id="sm-5ab">
         <name>realloc</name>
         <value>0x2dd9</value>
         <object_component_ref idref="oc-154"/>
      </symbol>
      <symbol id="sm-5ac">
         <name>memalign</name>
         <value>0x2ee1</value>
         <object_component_ref idref="oc-154"/>
      </symbol>
      <symbol id="sm-5ad">
         <name>calloc</name>
         <value>0x2fcd</value>
         <object_component_ref idref="oc-154"/>
      </symbol>
      <symbol id="sm-5ae">
         <name>malloc</name>
         <value>0x2cad</value>
         <object_component_ref idref="oc-154"/>
      </symbol>
      <symbol id="sm-5af">
         <name>minit</name>
         <value>0x2c2d</value>
         <object_component_ref idref="oc-154"/>
      </symbol>
      <symbol id="sm-5be">
         <name>__aeabi_memset</name>
         <value>0x55b7</value>
         <object_component_ref idref="oc-4e"/>
      </symbol>
      <symbol id="sm-5bf">
         <name>memset</name>
         <value>0x55bd</value>
         <object_component_ref idref="oc-4e"/>
      </symbol>
      <symbol id="sm-5c0">
         <name>__aeabi_memset8</name>
         <value>0x55b7</value>
         <object_component_ref idref="oc-4e"/>
      </symbol>
      <symbol id="sm-5c1">
         <name>__aeabi_memset4</name>
         <value>0x55b7</value>
         <object_component_ref idref="oc-4e"/>
      </symbol>
      <symbol id="sm-5c2">
         <name>__aeabi_memclr8</name>
         <value>0x55b5</value>
         <object_component_ref idref="oc-4e"/>
      </symbol>
      <symbol id="sm-5c3">
         <name>__aeabi_memclr4</name>
         <value>0x55b5</value>
         <object_component_ref idref="oc-4e"/>
      </symbol>
      <symbol id="sm-5c4">
         <name>__aeabi_memclr</name>
         <value>0x55b5</value>
         <object_component_ref idref="oc-4e"/>
      </symbol>
      <symbol id="sm-5ce">
         <name>__mpu_init</name>
         <value>0x13ab</value>
         <object_component_ref idref="oc-5a"/>
      </symbol>
      <symbol id="sm-5d8">
         <name>_system_pre_init</name>
         <value>0x5cb3</value>
         <object_component_ref idref="oc-60"/>
      </symbol>
      <symbol id="sm-5fa">
         <name>scalbn</name>
         <value>0x4ead</value>
         <object_component_ref idref="oc-24a"/>
      </symbol>
      <symbol id="sm-5fb">
         <name>scalbnl</name>
         <value>0x4ead</value>
         <object_component_ref idref="oc-24a"/>
      </symbol>
      <symbol id="sm-5fc">
         <name>ldexpl</name>
         <value>0x4ead</value>
         <object_component_ref idref="oc-24a"/>
      </symbol>
      <symbol id="sm-5fd">
         <name>ldexp</name>
         <value>0x4ead</value>
         <object_component_ref idref="oc-24a"/>
      </symbol>
      <symbol id="sm-611">
         <name>sprintf</name>
         <value>0x5839</value>
         <object_component_ref idref="oc-f0"/>
      </symbol>
      <symbol id="sm-619">
         <name>main_func_sp</name>
         <value>0x20001384</value>
         <object_component_ref idref="oc-78"/>
      </symbol>
      <symbol id="sm-629">
         <name>strchr</name>
         <value>0x5bf9</value>
         <object_component_ref idref="oc-26d"/>
      </symbol>
      <symbol id="sm-638">
         <name>strcmp</name>
         <value>0x5be1</value>
         <object_component_ref idref="oc-13e"/>
      </symbol>
      <symbol id="sm-646">
         <name>strcpy</name>
         <value>0x5c39</value>
         <object_component_ref idref="oc-144"/>
      </symbol>
      <symbol id="sm-654">
         <name>strlen</name>
         <value>0x5c4d</value>
         <object_component_ref idref="oc-1bd"/>
      </symbol>
      <symbol id="sm-664">
         <name>strncpy</name>
         <value>0x5ab9</value>
         <object_component_ref idref="oc-2a4"/>
      </symbol>
      <symbol id="sm-68b">
         <name>HOSTgetenv</name>
         <value>0x35d9</value>
         <object_component_ref idref="oc-324"/>
      </symbol>
      <symbol id="sm-68c">
         <name>HOSTrename</name>
         <value>0x3481</value>
         <object_component_ref idref="oc-324"/>
      </symbol>
      <symbol id="sm-68d">
         <name>HOSTclose</name>
         <value>0x3617</value>
         <object_component_ref idref="oc-324"/>
      </symbol>
      <symbol id="sm-68e">
         <name>HOSTtime64</name>
         <value>0x33f9</value>
         <object_component_ref idref="oc-324"/>
      </symbol>
      <symbol id="sm-68f">
         <name>HOSTunlink</name>
         <value>0x33c1</value>
         <object_component_ref idref="oc-324"/>
      </symbol>
      <symbol id="sm-690">
         <name>HOSTlseek</name>
         <value>0x357d</value>
         <object_component_ref idref="oc-324"/>
      </symbol>
      <symbol id="sm-691">
         <name>HOSTopen</name>
         <value>0x352b</value>
         <object_component_ref idref="oc-324"/>
      </symbol>
      <symbol id="sm-692">
         <name>HOSTclock</name>
         <value>0x364f</value>
         <object_component_ref idref="oc-324"/>
      </symbol>
      <symbol id="sm-693">
         <name>HOSTwrite</name>
         <value>0x3375</value>
         <object_component_ref idref="oc-324"/>
      </symbol>
      <symbol id="sm-694">
         <name>HOSTread</name>
         <value>0x34df</value>
         <object_component_ref idref="oc-324"/>
      </symbol>
      <symbol id="sm-695">
         <name>HOSTtime</name>
         <value>0x3447</value>
         <object_component_ref idref="oc-324"/>
      </symbol>
      <symbol id="sm-6b0">
         <name>__TI_readmsg</name>
         <value>0x573b</value>
         <object_component_ref idref="oc-358"/>
      </symbol>
      <symbol id="sm-6b1">
         <name>C$$IO$$</name>
         <value>0x5737</value>
         <object_component_ref idref="oc-358"/>
      </symbol>
      <symbol id="sm-6b2">
         <name>__CIOBUF_</name>
         <value>0x20000e70</value>
         <object_component_ref idref="oc-36f"/>
      </symbol>
      <symbol id="sm-6b3">
         <name>__TI_writemsg</name>
         <value>0x5709</value>
         <object_component_ref idref="oc-358"/>
      </symbol>
      <symbol id="sm-6bd">
         <name>__aeabi_ui2d</name>
         <value>0x5b73</value>
         <object_component_ref idref="oc-223"/>
      </symbol>
      <symbol id="sm-6d9">
         <name>vsnprintf</name>
         <value>0x5421</value>
         <object_component_ref idref="oc-138"/>
      </symbol>
      <symbol id="sm-6f7">
         <name>__TI_wrt_ok</name>
         <value>0x5241</value>
         <object_component_ref idref="oc-1b7"/>
      </symbol>
      <symbol id="sm-6f8">
         <name>__TI_rd_ok</name>
         <value>0x52a3</value>
         <object_component_ref idref="oc-1b7"/>
      </symbol>
      <symbol id="sm-711">
         <name>_nop</name>
         <value>0x5c1f</value>
         <object_component_ref idref="oc-119"/>
      </symbol>
      <symbol id="sm-712">
         <name>_lock</name>
         <value>0x2000136c</value>
         <object_component_ref idref="oc-b9"/>
      </symbol>
      <symbol id="sm-713">
         <name>_unlock</name>
         <value>0x20001370</value>
         <object_component_ref idref="oc-b9"/>
      </symbol>
      <symbol id="sm-714">
         <name>_register_lock</name>
         <value>0x5c17</value>
         <object_component_ref idref="oc-119"/>
      </symbol>
      <symbol id="sm-715">
         <name>_register_unlock</name>
         <value>0x5c11</value>
         <object_component_ref idref="oc-119"/>
      </symbol>
      <symbol id="sm-816">
         <name>__TI_printfi</name>
         <value>0xab1</value>
         <object_component_ref idref="oc-1af"/>
      </symbol>
      <symbol id="sm-82a">
         <name>_args_main</name>
         <value>0x5bc9</value>
         <object_component_ref idref="oc-6c"/>
      </symbol>
      <symbol id="sm-840">
         <name>atoi</name>
         <value>0x5995</value>
         <object_component_ref idref="oc-273"/>
      </symbol>
      <symbol id="sm-86a">
         <name>__TI_auto_init</name>
         <value>0x5631</value>
         <object_component_ref idref="oc-66"/>
      </symbol>
      <symbol id="sm-884">
         <name>copy_in</name>
         <value>0x59e1</value>
         <object_component_ref idref="oc-a0"/>
      </symbol>
      <symbol id="sm-88f">
         <name>_ctypes_</name>
         <value>0x5cb8</value>
         <object_component_ref idref="oc-2fb"/>
      </symbol>
      <symbol id="sm-8a4">
         <name>__TI_tmpnams</name>
         <value>0x20000f90</value>
      </symbol>
      <symbol id="sm-8a5">
         <name>__aeabi_stdout</name>
         <value>0x2000133c</value>
         <object_component_ref idref="oc-29f"/>
      </symbol>
      <symbol id="sm-8a6">
         <name>__aeabi_stderr</name>
         <value>0x20001340</value>
         <object_component_ref idref="oc-29f"/>
      </symbol>
      <symbol id="sm-8a7">
         <name>__aeabi_stdin</name>
         <value>0x20001338</value>
         <object_component_ref idref="oc-29f"/>
      </symbol>
      <symbol id="sm-8a8">
         <name>_ftable</name>
         <value>0x20001164</value>
         <object_component_ref idref="oc-1d5"/>
      </symbol>
      <symbol id="sm-8a9">
         <name>__TI_ft_end</name>
         <value>0x20001334</value>
         <object_component_ref idref="oc-29f"/>
      </symbol>
      <symbol id="sm-8c3">
         <name>__TI_doflush</name>
         <value>0x5179</value>
         <object_component_ref idref="oc-1c9"/>
      </symbol>
      <symbol id="sm-8c4">
         <name>fflush</name>
         <value>0x51c5</value>
         <object_component_ref idref="oc-1c9"/>
      </symbol>
      <symbol id="sm-8d6">
         <name>fseek</name>
         <value>0x5771</value>
         <object_component_ref idref="oc-28d"/>
      </symbol>
      <symbol id="sm-8e5">
         <name>ltoa</name>
         <value>0x5941</value>
         <object_component_ref idref="oc-261"/>
      </symbol>
      <symbol id="sm-8f5">
         <name>memccpy</name>
         <value>0x5b93</value>
         <object_component_ref idref="oc-279"/>
      </symbol>
      <symbol id="sm-8ff">
         <name>copysign</name>
         <value>0x5c25</value>
         <object_component_ref idref="oc-2e5"/>
      </symbol>
      <symbol id="sm-900">
         <name>copysignl</name>
         <value>0x5c25</value>
         <object_component_ref idref="oc-2e5"/>
      </symbol>
      <symbol id="sm-916">
         <name>frexpl</name>
         <value>0x57d5</value>
         <object_component_ref idref="oc-267"/>
      </symbol>
      <symbol id="sm-917">
         <name>frexp</name>
         <value>0x57d5</value>
         <object_component_ref idref="oc-267"/>
      </symbol>
      <symbol id="sm-933">
         <name>setvbuf</name>
         <value>0x509d</value>
         <object_component_ref idref="oc-293"/>
      </symbol>
      <symbol id="sm-93d">
         <name>_system_post_cinit</name>
         <value>0x4c7b</value>
         <object_component_ref idref="oc-a6"/>
      </symbol>
      <symbol id="sm-959">
         <name>__aeabi_uldivmod</name>
         <value>0x3ecd</value>
         <object_component_ref idref="oc-25c"/>
      </symbol>
      <symbol id="sm-98b">
         <name>__TI_cleanup</name>
         <value>0x4189</value>
         <object_component_ref idref="oc-30b"/>
      </symbol>
      <symbol id="sm-98c">
         <name>freopen</name>
         <value>0x41b5</value>
         <object_component_ref idref="oc-30b"/>
      </symbol>
      <symbol id="sm-98d">
         <name>fopen</name>
         <value>0x41df</value>
         <object_component_ref idref="oc-30b"/>
      </symbol>
      <symbol id="sm-9a3">
         <name>__TI_closefile</name>
         <value>0x5389</value>
         <object_component_ref idref="oc-34b"/>
      </symbol>
      <symbol id="sm-9a4">
         <name>fclose</name>
         <value>0x53ef</value>
         <object_component_ref idref="oc-34b"/>
      </symbol>
      <symbol id="sm-9c5">
         <name>IntRegister</name>
         <value>0x5af1</value>
         <object_component_ref idref="oc-161"/>
      </symbol>
      <symbol id="sm-9c6">
         <name>g_pfnRAMVectors</name>
         <value>0x20000000</value>
         <object_component_ref idref="oc-209"/>
      </symbol>
      <symbol id="sm-9c7">
         <name>IntMasterEnable</name>
         <value>0x5c61</value>
         <object_component_ref idref="oc-167"/>
      </symbol>
      <symbol id="sm-9d1">
         <name>CPUcpsie</name>
         <value>0x5c8f</value>
         <object_component_ref idref="oc-20e"/>
      </symbol>
      <symbol id="sm-9d2">
         <name>__TI_static_base__</name>
         <value>0x0</value>
      </symbol>
      <symbol id="sm-9d5">
         <name>SHT$$INIT_ARRAY$$Limit</name>
         <value>0x0</value>
      </symbol>
      <symbol id="sm-9d6">
         <name>SHT$$INIT_ARRAY$$Base</name>
         <value>0x0</value>
      </symbol>
      <symbol id="sm-9d7">
         <name>remove</name>
         <value>0x3729</value>
      </symbol>
   </symbol_table>
   <title>Link successful</title>
</link_info>
