******************************************************************************
                  TI ARM Linker PC v16.9.1                     
******************************************************************************
>> Linked Tue Nov 14 13:42:19 2017

OUTPUT FILE NAME:   <Final Project.out>
ENTRY POINT SYMBOL: "_c_int00"  address: 00005899


MEMORY CONFIGURATION

         name            origin    length      used     unused   attr    fill
----------------------  --------  ---------  --------  --------  ----  --------
  FLASH                 00000000   00040000  00005eb9  0003a147  R  X
  SRAM                  20000000   00008000  00001384  00006c7c  RW X


SEGMENT ALLOCATION MAP

run origin  load origin   length   init length attrs members
----------  ----------- ---------- ----------- ----- -------
00000000    00000000    00005ec0   00005ec0    r-x
  00000000    00000000    0000026c   0000026c    r-- .intvecs
  0000026c    0000026c    00005a4a   00005a4a    r-x .text
  00005cb8    00005cb8    0000014b   0000014b    r-- .const
  00005e08    00005e08    000000b8   000000b8    r-- .cinit
20000000    20000000    00001388   00000000    rw-
  20000000    20000000    0000026c   00000000    rw- .vtable
  20000270    20000270    00000800   00000000    rw- .sysmem
  20000a70    20000a70    00000400   00000000    rw- .stack
  20000e70    20000e70    000002f4   00000000    rw- .bss
  20001164    20001164    00000224   00000000    rw- .data


SECTION ALLOCATION MAP

 output                                  attributes/
section   page    origin      length       input sections
--------  ----  ----------  ----------   ----------------
.intvecs   0    00000000    0000026c     
                  00000000    0000026c     tm4c123gh6pm_startup_ccs.obj (.intvecs)

.text      0    0000026c    00005a4a     
                  0000026c    0000113e     rtsv7M4_T_le_v4SPD16_eabi.lib : _printfi.obj (.text)
                  000013aa    00000002                                   : mpu_init.obj (.text)
                  000013ac    00000a84     open_interface.obj (.text)
                  00001e30    000009ac     rtsv7M4_T_le_v4SPD16_eabi.lib : e_pow.obj (.text)
                  000027dc    00000450     main.obj (.text)
                  00002c2c    000003d0     rtsv7M4_T_le_v4SPD16_eabi.lib : memory.obj (.text)
                  00002ffc    00000378     sweep.obj (.text)
                  00003374    00000324     rtsv7M4_T_le_v4SPD16_eabi.lib : trgdrv.obj (.text)
                  00003698    0000030c                                   : lowlev.obj (.text)
                  000039a4    000002ec     lcd.obj (.text)
                  00003c90    0000023c     ping.obj (.text)
                  00003ecc    000001f4     rtsv7M4_T_le_v4SPD16_eabi.lib : ull_div_t2.obj (.text)
                  000040c0    000001c4                                   : fopen.obj (.text)
                  00004284    000001b6                                   : fd_add_t2.obj (.text)
                  0000443a    0000019e     movement.obj (.text)
                  000045d8    00000170     rtsv7M4_T_le_v4SPD16_eabi.lib : e_sqrt.obj (.text)
                  00004748    00000158     timer.obj (.text)
                  000048a0    00000154     servo.obj (.text)
                  000049f4    00000150     UART.obj (.text)
                  00004b44    00000136     rtsv7M4_T_le_v4SPD16_eabi.lib : fd_div_t2.obj (.text)
                  00004c7a    00000002                                   : startup.obj (.text)
                  00004c7c    00000134                                   : fputs.obj (.text)
                  00004db0    000000fc                                   : fd_mul_t2.obj (.text)
                  00004eac    000000fc                                   : s_scalbn.obj (.text)
                  00004fa8    000000f4     ir.obj (.text)
                  0000509c    000000dc     rtsv7M4_T_le_v4SPD16_eabi.lib : setvbuf.obj (.text)
                  00005178    000000c8                                   : fflush.obj (.text)
                  00005240    000000ac                                   : _io_perm.obj (.text)
                  000052ec    0000009c                                   : memcpy_t2.obj (.text)
                  00005388    00000098                                   : fclose.obj (.text)
                  00005420    00000088                                   : vsnprintf.obj (.text)
                  000054a8    00000086                                   : fd_cmp_t2.obj (.text:__aeabi_cdcmple)
                  0000552e    00000086                                   : fd_cmp_t2.obj (.text:__aeabi_cdrcmple)
                  000055b4    0000007a                                   : memset_t2.obj (.text)
                  0000562e    00000002     --HOLE-- [fill = 0]
                  00005630    00000070                                   : autoinit.obj (.text)
                  000056a0    00000068                                   : copy_decompress_lzss.obj (.text:decompress:lzss)
                  00005708    00000068                                   : trgmsg.obj (.text)
                  00005770    00000064                                   : fseek.obj (.text)
                  000057d4    00000064                                   : s_frexp.obj (.text)
                  00005838    00000060                                   : sprintf.obj (.text)
                  00005898    00000054                                   : boot.obj (.text)
                  000058ec    00000054                                   : exit.obj (.text)
                  00005940    00000054                                   : ltoa.obj (.text)
                  00005994    0000004c                                   : atoi.obj (.text)
                  000059e0    0000004c                                   : cpy_tbl.obj (.text)
                  00005a2c    00000048                                   : fd_toi_t2.obj (.text)
                  00005a74    00000044                                   : fd_tou_t2.obj (.text)
                  00005ab8    00000036                                   : strncpy.obj (.text)
                  00005aee    00000002     --HOLE-- [fill = 0]
                  00005af0    00000034     driverlib.lib : interrupt.obj (.text:IntRegister)
                  00005b24    0000002e     rtsv7M4_T_le_v4SPD16_eabi.lib : i_tofd_t2.obj (.text)
                  00005b52    00000020                                   : memchr.obj (.text)
                  00005b72    00000020                                   : u_tofd_t2.obj (.text)
                  00005b92    0000001c                                   : memccpy.obj (.text)
                  00005bae    00000018     open_interface.obj (.text:oi_parseInt)
                  00005bc6    00000002     --HOLE-- [fill = 0]
                  00005bc8    00000018     rtsv7M4_T_le_v4SPD16_eabi.lib : args_main.obj (.text)
                  00005be0    00000018                                   : strcmp.obj (.text)
                  00005bf8    00000016                                   : strchr.obj (.text)
                  00005c0e    00000002     --HOLE-- [fill = 0]
                  00005c10    00000014                                   : _lock.obj (.text)
                  00005c24    00000014                                   : s_copysign.obj (.text)
                  00005c38    00000014                                   : strcpy.obj (.text)
                  00005c4c    00000014                                   : strlen.obj (.text)
                  00005c60    00000010     driverlib.lib : interrupt.obj (.text:IntMasterEnable)
                  00005c70    00000010     lcd.obj (.text:lcd_clear)
                  00005c80    0000000e     rtsv7M4_T_le_v4SPD16_eabi.lib : copy_decompress_none.obj (.text:decompress:none)
                  00005c8e    0000000c     driverlib.lib : cpu.obj (.text:CPUcpsie)
                  00005c9a    0000000c     rtsv7M4_T_le_v4SPD16_eabi.lib : copy_zero_init.obj (.text:decompress:ZI)
                  00005ca6    0000000c     tm4c123gh6pm_startup_ccs.obj (.text)
                  00005cb2    00000004     rtsv7M4_T_le_v4SPD16_eabi.lib : pre_init.obj (.text)

.const     0    00005cb8    0000014b     
                  00005cb8    00000101     rtsv7M4_T_le_v4SPD16_eabi.lib : ctype.obj (.const:.string:_ctypes_)
                  00005db9    00000004     lcd.obj (.const:.string:lineAddress$1)
                  00005dbd    00000003     --HOLE-- [fill = 0]
                  00005dc0    00000030     rtsv7M4_T_le_v4SPD16_eabi.lib : e_pow.obj (.const:$O1$$)
                  00005df0    0000000f     open_interface.obj (.const:.string:$P$T0$3)
                  00005dff    00000004     lcd.obj (.const:.string:lineAddresses$2)

.cinit     0    00005e08    000000b8     
                  00005e08    0000007d     (.cinit..data.load) [load image, compression = lzss]
                  00005e85    00000003     --HOLE-- [fill = 0]
                  00005e88    0000000c     (__TI_handler_table)
                  00005e94    00000004     --HOLE-- [fill = 0]
                  00005e98    00000008     (.cinit..bss.load) [load image, compression = zero_init]
                  00005ea0    00000008     (.cinit..vtable.load) [load image, compression = zero_init]
                  00005ea8    00000018     (__TI_cinit_table)

.init_array 
*          0    00000000    00000000     UNINITIALIZED

.vtable    0    20000000    0000026c     UNINITIALIZED
                  20000000    0000026c     driverlib.lib : interrupt.obj (.vtable)

.sysmem    0    20000270    00000800     UNINITIALIZED
                  20000270    00000008     rtsv7M4_T_le_v4SPD16_eabi.lib : memory.obj (.sysmem)
                  20000278    000007f8     --HOLE--

.stack     0    20000a70    00000400     UNINITIALIZED
                  20000a70    00000400     --HOLE--

.bss       0    20000e70    000002f4     UNINITIALIZED
                  20000e70    00000120     rtsv7M4_T_le_v4SPD16_eabi.lib : trgmsg.obj (.bss:_CIOBUF_)
                  20000f90    000000a0     (.common:__TI_tmpnams)
                  20001030    0000005c     (.common:objectDist)
                  2000108c    0000005c     (.common:objectLoc)
                  200010e8    00000054     lcd.obj (.bss:lastbuffer$3)
                  2000113c    00000018     open_interface.obj (.bss:firmware$2)
                  20001154    00000008     rtsv7M4_T_le_v4SPD16_eabi.lib : trgdrv.obj (.bss:parmbuf)
                  2000115c    00000004     (.common:fall_time)
                  20001160    00000004     (.common:rise_time)

.data      0    20001164    00000224     UNINITIALIZED
                  20001164    000000f0     rtsv7M4_T_le_v4SPD16_eabi.lib : defs.obj (.data:_ftable)
                  20001254    000000d0                                   : lowlev.obj (.data:$O1$$)
                  20001324    00000010     open_interface.obj (.data)
                  20001334    00000010     rtsv7M4_T_le_v4SPD16_eabi.lib : defs.obj (.data)
                  20001344    00000010     servo.obj (.data)
                  20001354    0000000c     rtsv7M4_T_le_v4SPD16_eabi.lib : exit.obj (.data:$O1$$)
                  20001360    0000000c                                   : memory.obj (.data:$O1$$)
                  2000136c    00000008                                   : _lock.obj (.data:$O1$$)
                  20001374    00000008     ping.obj (.data)
                  2000137c    00000004     rtsv7M4_T_le_v4SPD16_eabi.lib : errno.obj (.data)
                  20001380    00000004                                   : fopen.obj (.data)
                  20001384    00000004                                   : stkdepth_vars.obj (.data)

MODULE SUMMARY

       Module                         code    ro data   rw data
       ------                         ----    -------   -------
    .\
       open_interface.obj             2716    15        40     
       main.obj                       1104    0         0      
       sweep.obj                      888     0         184    
       lcd.obj                        764     8         84     
       tm4c123gh6pm_startup_ccs.obj   12      620       0      
       ping.obj                       572     0         16     
       movement.obj                   414     0         0      
       servo.obj                      340     0         16     
       timer.obj                      344     0         0      
       UART.obj                       336     0         0      
       ir.obj                         244     0         0      
    +--+------------------------------+-------+---------+---------+
       Total:                         7734    643       340    
                                                               
    C:/ti/TivaWare_C_Series-2.1.2.111/driverlib/ccs/Debug/driverlib.lib
       interrupt.obj                  68      0         620    
       cpu.obj                        12      0         0      
    +--+------------------------------+-------+---------+---------+
       Total:                         80      0         620    
                                                               
    C:\ti\ccsv7\tools\compiler\ti-cgt-arm_16.9.1.LTS\lib\rtsv7M4_T_le_v4SPD16_eabi.lib
       _printfi.obj                   4414    0         0      
       e_pow.obj                      2476    48        0      
       lowlev.obj                     780     0         208    
       memory.obj                     976     0         12     
       trgdrv.obj                     804     0         8      
       ull_div_t2.obj                 500     0         0      
       fopen.obj                      452     0         4      
       fd_add_t2.obj                  438     0         0      
       defs.obj                       0       0         416    
       trgmsg.obj                     104     0         288    
       e_sqrt.obj                     368     0         0      
       fd_div_t2.obj                  310     0         0      
       fputs.obj                      308     0         0      
       fd_cmp_t2.obj                  268     0         0      
       ctype.obj                      0       257       0      
       fd_mul_t2.obj                  252     0         0      
       s_scalbn.obj                   252     0         0      
       setvbuf.obj                    220     0         0      
       fflush.obj                     200     0         0      
       _io_perm.obj                   172     0         0      
       memcpy_t2.obj                  156     0         0      
       fclose.obj                     152     0         0      
       vsnprintf.obj                  136     0         0      
       memset_t2.obj                  122     0         0      
       autoinit.obj                   112     0         0      
       copy_decompress_lzss.obj       104     0         0      
       fseek.obj                      100     0         0      
       s_frexp.obj                    100     0         0      
       exit.obj                       84      0         12     
       sprintf.obj                    96      0         0      
       boot.obj                       84      0         0      
       ltoa.obj                       84      0         0      
       atoi.obj                       76      0         0      
       cpy_tbl.obj                    76      0         0      
       fd_toi_t2.obj                  72      0         0      
       fd_tou_t2.obj                  68      0         0      
       strncpy.obj                    54      0         0      
       i_tofd_t2.obj                  46      0         0      
       memchr.obj                     32      0         0      
       u_tofd_t2.obj                  32      0         0      
       _lock.obj                      20      0         8      
       memccpy.obj                    28      0         0      
       args_main.obj                  24      0         0      
       strcmp.obj                     24      0         0      
       strchr.obj                     22      0         0      
       s_copysign.obj                 20      0         0      
       strcpy.obj                     20      0         0      
       strlen.obj                     20      0         0      
       copy_decompress_none.obj       14      0         0      
       copy_zero_init.obj             12      0         0      
       errno.obj                      0       0         4      
       pre_init.obj                   4       0         0      
       stkdepth_vars.obj              0       0         4      
       mpu_init.obj                   2       0         0      
       startup.obj                    2       0         0      
    +--+------------------------------+-------+---------+---------+
       Total:                         15292   305       964    
                                                               
       Heap:                          0       0         2048   
       Stack:                         0       0         1024   
       Linker Generated:              0       177       0      
    +--+------------------------------+-------+---------+---------+
       Grand Total:                   23106   1125      4996   


LINKER GENERATED COPY TABLES

__TI_cinit_table @ 00005ea8 records: 3, size/record: 8, table size: 24
	.data: load addr=00005e08, load size=0000007d bytes, run addr=20001164, run size=00000224 bytes, compression=lzss
	.bss: load addr=00005e98, load size=00000008 bytes, run addr=20000e70, run size=000002f4 bytes, compression=zero_init
	.vtable: load addr=00005ea0, load size=00000008 bytes, run addr=20000000, run size=0000026c bytes, compression=zero_init


LINKER GENERATED HANDLER TABLE

__TI_handler_table @ 00005e88 records: 3, size/record: 4, table size: 12
	index: 0, handler: __TI_zero_init
	index: 1, handler: __TI_decompress_lzss
	index: 2, handler: __TI_decompress_none


GLOBAL SYMBOLS: SORTED ALPHABETICALLY BY Name 

address   name                           
-------   ----                           
000058ed  C$$EXIT                        
00005737  C$$IO$$                        
00005c8f  CPUcpsie                       
00001ca3  GPIOF_Handler                  
0000364f  HOSTclock                      
00003617  HOSTclose                      
000035d9  HOSTgetenv                     
0000357d  HOSTlseek                      
0000352b  HOSTopen                       
000034df  HOSTread                       
00003481  HOSTrename                     
00003447  HOSTtime                       
000033f9  HOSTtime64                     
000033c1  HOSTunlink                     
00003375  HOSTwrite                      
00005c61  IntMasterEnable                
00005af1  IntRegister                    
00005ca7  ResetISR                       
UNDEFED   SHT$$INIT_ARRAY$$Base          
UNDEFED   SHT$$INIT_ARRAY$$Limit         
00003d21  TIMER3B_Handler                
000049f5  UART_Init                      
00004a99  UART_Receive                   
00004a7d  UART_Transmit                  
00004abf  UART_TransmitMessage           
20000e70  __CIOBUF_                      
20000e70  __STACK_END                    
00000400  __STACK_SIZE                   
20000c70  __STACK_TOP                    
00000800  __SYSMEM_SIZE                  
00005ea8  __TI_CINIT_Base                
00005ec0  __TI_CINIT_Limit               
00005e88  __TI_Handler_Table_Base        
00005e94  __TI_Handler_Table_Limit       
00005631  __TI_auto_init                 
00004189  __TI_cleanup                   
20001354  __TI_cleanup_ptr               
00005389  __TI_closefile                 
000056a1  __TI_decompress_lzss           
00005c81  __TI_decompress_none           
00005179  __TI_doflush                   
20001358  __TI_dtors_ptr                 
2000135c  __TI_enable_exit_profile_output
20001334  __TI_ft_end                    
ffffffff  __TI_pprof_out_hndl            
00000ab1  __TI_printfi                   
ffffffff  __TI_prof_data_size            
ffffffff  __TI_prof_data_start           
000052a3  __TI_rd_ok                     
0000573b  __TI_readmsg                   
00000000  __TI_static_base__             
20000f90  __TI_tmpnams                   
00005709  __TI_writemsg                  
00005241  __TI_wrt_ok                    
00005c9b  __TI_zero_init                 
000054a9  __aeabi_cdcmpeq                
000054a9  __aeabi_cdcmple                
0000552f  __aeabi_cdrcmple               
00005a2d  __aeabi_d2iz                   
00005a75  __aeabi_d2uiz                  
0000428f  __aeabi_dadd                   
00004b45  __aeabi_ddiv                   
00004db1  __aeabi_dmul                   
00004285  __aeabi_dsub                   
00005b25  __aeabi_i2d                    
000055b5  __aeabi_memclr                 
000055b5  __aeabi_memclr4                
000055b5  __aeabi_memclr8                
000052ed  __aeabi_memcpy                 
000052ed  __aeabi_memcpy4                
000052ed  __aeabi_memcpy8                
000055b7  __aeabi_memset                 
000055b7  __aeabi_memset4                
000055b7  __aeabi_memset8                
20001340  __aeabi_stderr                 
20001338  __aeabi_stdin                  
2000133c  __aeabi_stdout                 
00005b73  __aeabi_ui2d                   
00003ecd  __aeabi_uldivmod               
ffffffff  __binit__                      
ffffffff  __c_args__                     
000013ab  __mpu_init                     
20000a70  __stack                        
00005bc9  _args_main                     
00005899  _c_int00                       
00005cb8  _ctypes_                       
20001164  _ftable                        
2000136c  _lock                          
00005c1f  _nop                           
00005c17  _register_lock                 
00005c11  _register_unlock               
20000270  _sys_memory                    
00004c7b  _system_post_cinit             
00005cb3  _system_pre_init               
20001370  _unlock                        
000058f1  abort                          
000038f9  add_device                     
00005995  atoi                           
ffffffff  binit                          
20001350  button                         
00002fcd  calloc                         
000038a9  close                          
000059e1  copy_in                        
00005c25  copysign                       
00005c25  copysignl                      
00003295  distResults                    
00003e4b  disttoseconds                  
2000137c  errno                          
000058f9  exit                           
2000115c  fall_time                      
000053ef  fclose                         
000051c5  fflush                         
20001374  flag                           
000041df  fopen                          
00004c7d  fputs                          
00002d17  free                           
000041b5  freopen                        
000057d5  frexp                          
000057d5  frexpl                         
00005771  fseek                          
20000000  g_pfnRAMVectors                
00000000  g_pfnVectors                   
00001cc5  getDegrees                     
00003e2d  getOverflow                    
000049ab  getVal                         
00001a51  go_charge                      
00004fa9  ir_init                        
0000501b  ir_read                        
00005c71  lcd_clear                      
00003b3d  lcd_gotoLine                   
000039a5  lcd_init                       
00003ba3  lcd_printf                     
00003a65  lcd_putc                       
00003a9d  lcd_puts                       
00003abb  lcd_sendCommand                
00003af9  lcd_sendNibble                 
00003b65  lcd_setCursorPos               
00004ead  ldexp                          
00004ead  ldexpl                         
00003885  lseek                          
00005941  ltoa                           
000027dd  main                           
20001384  main_func_sp                   
00002cad  malloc                         
00002ee1  memalign                       
00005b93  memccpy                        
00005b53  memchr                         
000052ed  memcpy                         
000055bd  memset                         
00002c2d  minit                          
00004595  move_backwards                 
0000443b  move_forward                   
20001030  objectDist                     
2000108c  objectLoc                      
000013ad  oi_alloc                       
00001b7b  oi_checkFirmware               
00001403  oi_close                       
000013b9  oi_free                        
000013ed  oi_init                        
000013c9  oi_init_noupdate               
000019e7  oi_loadSong                    
00005baf  oi_parseInt                    
00001467  oi_parsePacket                 
00001a3d  oi_play_song                   
00001961  oi_setLeds                     
000019a5  oi_setWheels                   
00001c31  oi_shutoff_init                
00001a5f  oi_uartInit                    
00001b03  oi_uartReceive                 
00001b49  oi_uartSendBuff                
00001ae7  oi_uartSendChar                
00001b2b  oi_uartSendStr                 
00001415  oi_update                      
000037d7  open                           
00003c91  ping_init                      
00003dd1  ping_read                      
00003d5d  ping_send                      
000032a5  posResults                     
00001e31  pow                            
00001e31  powl                           
2000134c  pulseValue                     
20001344  pulse_period                   
20001348  pulse_width                    
00004d89  puts                           
000037b3  read                           
00002dd9  realloc                        
00003729  remove                         
0000378b  remove_device                  
0000374d  rename                         
20001160  rise_time                      
00004ead  scalbn                         
00004ead  scalbnl                        
000048a1  servo_init                     
00004963  servo_move                     
0000509d  setvbuf                        
00005839  sprintf                        
000045d9  sqrt                           
000045d9  sqrtl                          
00005bf9  strchr                         
00005be1  strcmp                         
00005c39  strcpy                         
00005c4d  strlen                         
00005ab9  strncpy                        
00002ffd  sweep                          
000048e5  timer1_init                    
00004859  timer_getClock                 
0000480d  timer_startClock               
000047a7  timer_startTimer               
0000485f  timer_stopClock                
000047f7  timer_stopTimer                
0000477d  timer_waitMicros               
00004749  timer_waitMillis               
00003e15  timetodist                     
0000454f  turn_clockwise                 
00004509  turn_counterclockwise          
00003729  unlink                         
00005421  vsnprintf                      
00003699  write                          


GLOBAL SYMBOLS: SORTED BY Symbol Address 

address   name                           
-------   ----                           
00000000  __TI_static_base__             
00000000  g_pfnVectors                   
00000400  __STACK_SIZE                   
00000800  __SYSMEM_SIZE                  
00000ab1  __TI_printfi                   
000013ab  __mpu_init                     
000013ad  oi_alloc                       
000013b9  oi_free                        
000013c9  oi_init_noupdate               
000013ed  oi_init                        
00001403  oi_close                       
00001415  oi_update                      
00001467  oi_parsePacket                 
00001961  oi_setLeds                     
000019a5  oi_setWheels                   
000019e7  oi_loadSong                    
00001a3d  oi_play_song                   
00001a51  go_charge                      
00001a5f  oi_uartInit                    
00001ae7  oi_uartSendChar                
00001b03  oi_uartReceive                 
00001b2b  oi_uartSendStr                 
00001b49  oi_uartSendBuff                
00001b7b  oi_checkFirmware               
00001c31  oi_shutoff_init                
00001ca3  GPIOF_Handler                  
00001cc5  getDegrees                     
00001e31  pow                            
00001e31  powl                           
000027dd  main                           
00002c2d  minit                          
00002cad  malloc                         
00002d17  free                           
00002dd9  realloc                        
00002ee1  memalign                       
00002fcd  calloc                         
00002ffd  sweep                          
00003295  distResults                    
000032a5  posResults                     
00003375  HOSTwrite                      
000033c1  HOSTunlink                     
000033f9  HOSTtime64                     
00003447  HOSTtime                       
00003481  HOSTrename                     
000034df  HOSTread                       
0000352b  HOSTopen                       
0000357d  HOSTlseek                      
000035d9  HOSTgetenv                     
00003617  HOSTclose                      
0000364f  HOSTclock                      
00003699  write                          
00003729  remove                         
00003729  unlink                         
0000374d  rename                         
0000378b  remove_device                  
000037b3  read                           
000037d7  open                           
00003885  lseek                          
000038a9  close                          
000038f9  add_device                     
000039a5  lcd_init                       
00003a65  lcd_putc                       
00003a9d  lcd_puts                       
00003abb  lcd_sendCommand                
00003af9  lcd_sendNibble                 
00003b3d  lcd_gotoLine                   
00003b65  lcd_setCursorPos               
00003ba3  lcd_printf                     
00003c91  ping_init                      
00003d21  TIMER3B_Handler                
00003d5d  ping_send                      
00003dd1  ping_read                      
00003e15  timetodist                     
00003e2d  getOverflow                    
00003e4b  disttoseconds                  
00003ecd  __aeabi_uldivmod               
00004189  __TI_cleanup                   
000041b5  freopen                        
000041df  fopen                          
00004285  __aeabi_dsub                   
0000428f  __aeabi_dadd                   
0000443b  move_forward                   
00004509  turn_counterclockwise          
0000454f  turn_clockwise                 
00004595  move_backwards                 
000045d9  sqrt                           
000045d9  sqrtl                          
00004749  timer_waitMillis               
0000477d  timer_waitMicros               
000047a7  timer_startTimer               
000047f7  timer_stopTimer                
0000480d  timer_startClock               
00004859  timer_getClock                 
0000485f  timer_stopClock                
000048a1  servo_init                     
000048e5  timer1_init                    
00004963  servo_move                     
000049ab  getVal                         
000049f5  UART_Init                      
00004a7d  UART_Transmit                  
00004a99  UART_Receive                   
00004abf  UART_TransmitMessage           
00004b45  __aeabi_ddiv                   
00004c7b  _system_post_cinit             
00004c7d  fputs                          
00004d89  puts                           
00004db1  __aeabi_dmul                   
00004ead  ldexp                          
00004ead  ldexpl                         
00004ead  scalbn                         
00004ead  scalbnl                        
00004fa9  ir_init                        
0000501b  ir_read                        
0000509d  setvbuf                        
00005179  __TI_doflush                   
000051c5  fflush                         
00005241  __TI_wrt_ok                    
000052a3  __TI_rd_ok                     
000052ed  __aeabi_memcpy                 
000052ed  __aeabi_memcpy4                
000052ed  __aeabi_memcpy8                
000052ed  memcpy                         
00005389  __TI_closefile                 
000053ef  fclose                         
00005421  vsnprintf                      
000054a9  __aeabi_cdcmpeq                
000054a9  __aeabi_cdcmple                
0000552f  __aeabi_cdrcmple               
000055b5  __aeabi_memclr                 
000055b5  __aeabi_memclr4                
000055b5  __aeabi_memclr8                
000055b7  __aeabi_memset                 
000055b7  __aeabi_memset4                
000055b7  __aeabi_memset8                
000055bd  memset                         
00005631  __TI_auto_init                 
000056a1  __TI_decompress_lzss           
00005709  __TI_writemsg                  
00005737  C$$IO$$                        
0000573b  __TI_readmsg                   
00005771  fseek                          
000057d5  frexp                          
000057d5  frexpl                         
00005839  sprintf                        
00005899  _c_int00                       
000058ed  C$$EXIT                        
000058f1  abort                          
000058f9  exit                           
00005941  ltoa                           
00005995  atoi                           
000059e1  copy_in                        
00005a2d  __aeabi_d2iz                   
00005a75  __aeabi_d2uiz                  
00005ab9  strncpy                        
00005af1  IntRegister                    
00005b25  __aeabi_i2d                    
00005b53  memchr                         
00005b73  __aeabi_ui2d                   
00005b93  memccpy                        
00005baf  oi_parseInt                    
00005bc9  _args_main                     
00005be1  strcmp                         
00005bf9  strchr                         
00005c11  _register_unlock               
00005c17  _register_lock                 
00005c1f  _nop                           
00005c25  copysign                       
00005c25  copysignl                      
00005c39  strcpy                         
00005c4d  strlen                         
00005c61  IntMasterEnable                
00005c71  lcd_clear                      
00005c81  __TI_decompress_none           
00005c8f  CPUcpsie                       
00005c9b  __TI_zero_init                 
00005ca7  ResetISR                       
00005cb3  _system_pre_init               
00005cb8  _ctypes_                       
00005e88  __TI_Handler_Table_Base        
00005e94  __TI_Handler_Table_Limit       
00005ea8  __TI_CINIT_Base                
00005ec0  __TI_CINIT_Limit               
20000000  g_pfnRAMVectors                
20000270  _sys_memory                    
20000a70  __stack                        
20000c70  __STACK_TOP                    
20000e70  __CIOBUF_                      
20000e70  __STACK_END                    
20000f90  __TI_tmpnams                   
20001030  objectDist                     
2000108c  objectLoc                      
2000115c  fall_time                      
20001160  rise_time                      
20001164  _ftable                        
20001334  __TI_ft_end                    
20001338  __aeabi_stdin                  
2000133c  __aeabi_stdout                 
20001340  __aeabi_stderr                 
20001344  pulse_period                   
20001348  pulse_width                    
2000134c  pulseValue                     
20001350  button                         
20001354  __TI_cleanup_ptr               
20001358  __TI_dtors_ptr                 
2000135c  __TI_enable_exit_profile_output
2000136c  _lock                          
20001370  _unlock                        
20001374  flag                           
2000137c  errno                          
20001384  main_func_sp                   
ffffffff  __TI_pprof_out_hndl            
ffffffff  __TI_prof_data_size            
ffffffff  __TI_prof_data_start           
ffffffff  __binit__                      
ffffffff  __c_args__                     
ffffffff  binit                          
UNDEFED   SHT$$INIT_ARRAY$$Base          
UNDEFED   SHT$$INIT_ARRAY$$Limit         

[218 symbols]
